Product: MDK-ARM Professional 5.10
Component: ARM Compiler 5.04 update 1 (build 49)
Tool: armlink [5040049]

==============================================================================

Section Cross References

    startup_stm32f40_41xxx.o(STACK) refers (Special) to heapauxi.o(.text) for __use_two_region_memory
    startup_stm32f40_41xxx.o(HEAP) refers (Special) to heapauxi.o(.text) for __use_two_region_memory
    startup_stm32f40_41xxx.o(RESET) refers (Special) to heapauxi.o(.text) for __use_two_region_memory
    startup_stm32f40_41xxx.o(RESET) refers to startup_stm32f40_41xxx.o(STACK) for __initial_sp
    startup_stm32f40_41xxx.o(RESET) refers to startup_stm32f40_41xxx.o(.text) for Reset_Handler
    startup_stm32f40_41xxx.o(RESET) refers to os_cpu_a.o(.text) for PendSV_Handler
    startup_stm32f40_41xxx.o(RESET) refers to delay.o(.text) for SysTick_Handler
    startup_stm32f40_41xxx.o(RESET) refers to rtc.o(.text) for RTC_WKUP_IRQHandler
    startup_stm32f40_41xxx.o(RESET) refers to heart.o(.text) for TIM1_CC_IRQHandler
    startup_stm32f40_41xxx.o(RESET) refers to timer_4.o(.text) for TIM4_IRQHandler
    startup_stm32f40_41xxx.o(RESET) refers to usart_2.o(.text) for USART1_IRQHandler
    startup_stm32f40_41xxx.o(.text) refers (Special) to heapauxi.o(.text) for __use_two_region_memory
    startup_stm32f40_41xxx.o(.text) refers to __main.o(!!!main) for __main
    startup_stm32f40_41xxx.o(.text) refers to startup_stm32f40_41xxx.o(HEAP) for Heap_Mem
    startup_stm32f40_41xxx.o(.text) refers to startup_stm32f40_41xxx.o(STACK) for Stack_Mem
    main.o(.text) refers to mpu6050.o(.text) for Check_Fall
    main.o(.text) refers to display.o(.text) for Motor_Work
    main.o(.text) refers to delay.o(.text) for delay_ms
    main.o(.text) refers to get_data.o(.text) for Data_GetTime
    main.o(.text) refers to backlit.o(.text) for Lsens_Get_Val
    main.o(.text) refers to usr_wifi.o(.text) for Wifi_SmartLink
    main.o(.text) refers to gui_dispstringat.o(i.GUI_DispStringAt) for GUI_DispStringAt
    main.o(.text) refers to gui_exec.o(i.GUI_Exec) for GUI_Exec
    main.o(.text) refers to main.o(.bss) for System_Set
    main.o(.text) refers to rtc.o(.data) for My_Clock
    main.o(.text) refers to usart_2.o(.data) for DATA_RX_STA
    main.o(.text) refers to get_data.o(.data) for Data_All
    main.o(.text) refers to battery.o(.text) for Get_Adc_Average
    main.o(.text) refers to f2d.o(x$fpl$f2d) for __aeabi_f2d
    main.o(.text) refers to dmul.o(x$fpl$dmul) for __aeabi_dmul
    main.o(.text) refers to d2f.o(x$fpl$d2f) for __aeabi_d2f
    main.o(.text) refers to gui_touch_driveranalog.o(i.GUI_TOUCH_Exec) for GUI_TOUCH_Exec
    main.o(.text) refers to ft6236.o(.text) for Gesture_Scan
    main.o(.text) refers to battery.o(.data) for AdcDma_Buf
    main.o(.text) refers to ft6236.o(.bss) for TPR_Structure
    main.o(.text) refers to os_core.o(.text) for OSStatInit
    main.o(.text) refers to os_cpu_a.o(.text) for OS_CPU_SR_Save
    main.o(.text) refers to os_task.o(.text) for OSTaskCreate
    main.o(.text) refers to stmflash.o(.text) for STMFLASH_Read
    main.o(.text) refers to sys.o(.text) for Stm32_Clock_Init
    main.o(.text) refers to key.o(.text) for Key_Init
    main.o(.text) refers to usart_2.o(.text) for Usart_1_Init
    main.o(.text) refers to timer_4.o(.text) for Time_4_Init
    main.o(.text) refers to heart.o(.text) for Time_1_Init
    main.o(.text) refers to dma.o(.text) for MyAdc_DMAConfig
    main.o(.text) refers to rtc.o(.text) for RTC_Init
    main.o(.text) refers to gui_core.o(i.GUI_Init) for GUI_Init
    main.o(.text) refers to gui_uc_encodeutf8.o(i.GUI_UC_SetEncodeUTF8) for GUI_UC_SetEncodeUTF8
    main.o(.text) refers to st7789.o(.text) for Init_ST7789
    main.o(.text) refers to gui_setcolor.o(i.GUI_SetBkColor) for GUI_SetBkColor
    main.o(.text) refers to gui_core.o(i.GUI_Clear) for GUI_Clear
    main.o(.text) refers to gui_drawbitmap.o(i.GUI_DrawBitmap) for GUI_DrawBitmap
    main.o(.text) refers to guiaa_lib.o(i.GUI_AA_EnableHiRes) for GUI_AA_EnableHiRes
    main.o(.text) refers to guiaa_lib.o(i.GUI_AA_SetFactor) for GUI_AA_SetFactor
    main.o(.text) refers to mlx90615.o(.text) for SMBus_Init
    main.o(.text) refers to motor.o(.text) for Motor_Init
    main.o(.text) refers to gui_exec.o(i.GUI_Exec1) for GUI_Exec1
    main.o(.text) refers to inv_mpu.o(.text) for mpu_dmp_init
    main.o(.text) refers to wdg.o(.text) for IWDG_Init
    main.o(.text) refers to interrupt.o(.text) for Interrupt_Set
    main.o(.text) refers to startmcu.o(.constdata) for bmstartmcu
    battery.o(.text) refers to sys.o(.text) for GPIO_Set
    heart.o(.text) refers to gpio.o(.text) for GPIO_Clock_Set
    heart.o(.text) refers to sys.o(.text) for GPIO_Set
    heart.o(.text) refers to heart.o(.data) for read_flag
    heart.o(.text) refers to heart.o(.bss) for hear_rising
    key.o(.text) refers to gpio.o(.text) for GPIO_Clock_Set
    led.o(.text) refers to gpio.o(.text) for GPIO_Clock_Set
[...]
    0x08017c78   0x00000008   Code   RO         2949    i._SetPixelIndex    STemWin528_CM4_OS_Keil.lib(guidev_measure.o)
    0x08017c80   0x00000048   Code   RO         3571    i._SetPixelIndex    STemWin528_CM4_OS_Keil.lib(guidev_32.o)
    0x08017cc8   0x0000045c   Code   RO         3766    i._SetPosition      STemWin528_CM4_OS_Keil.lib(gui_sprite.o)
    0x08018124   0x00000068   Code   RO         3346    i._StoreState       STemWin528_CM4_OS_Keil.lib(gui_pid.o)
    0x0801818c   0x00000030   Code   RO         1799    i._StoreUnstable    STemWin528_CM4_OS_Keil.lib(gui_touch_driveranalog.o)
    0x080181bc   0x000000ea   Code   RO         1605    i._TestRAM          STemWin528_CM4_OS_Keil.lib(gui_alloc.o)
    0x080182a6   0x00000002   PAD
    0x080182a8   0x00000050   Code   RO         3383    i._Unlink           STemWin528_CM4_OS_Keil.lib(gui_timer.o)
    0x080182f8   0x00000030   Code   RO         1718    i._UnlinkDevice     STemWin528_CM4_OS_Keil.lib(gui_device.o)
    0x08018328   0x0000000e   Code   RO         1606    i._WriteTagData     STemWin528_CM4_OS_Keil.lib(gui_alloc.o)
    0x08018336   0x00000002   PAD
    0x08018338   0x00000340   Code   RO         3015    i._WriteToActiveOpaque_8  STemWin528_CM4_OS_Keil.lib(guidev_writetoactiveopaque.o)
    0x08018678   0x00000344   Code   RO         3016    i._WriteToActiveOpaque_HT  STemWin528_CM4_OS_Keil.lib(guidev_writetoactiveopaque.o)
    0x080189bc   0x0000003c   Code   RO         2216    i._XY2PTR           STemWin528_CM4_OS_Keil.lib(guidev_16.o)
    0x080189f8   0x0000003c   Code   RO         3572    i._XY2PTR           STemWin528_CM4_OS_Keil.lib(guidev_32.o)
    0x08018a34   0x00000054   Code   RO         2217    i._XorPixel         STemWin528_CM4_OS_Keil.lib(guidev_16.o)
    0x08018a88   0x00000008   Code   RO         2950    i._XorPixel         STemWin528_CM4_OS_Keil.lib(guidev_measure.o)
    0x08018a90   0x00000058   Code   RO         3573    i._XorPixel         STemWin528_CM4_OS_Keil.lib(guidev_32.o)
    0x08018ae8   0x00000030   Code   RO         4037    i.__ARM_fpclassify  m_wm.l(fpclassify.o)
    0x08018b18   0x00000370   Code   RO         3928    i.__hardfp_asin     m_wm.l(asin.o)
    0x08018e88   0x000002e0   Code   RO         4012    i.__hardfp_atan     m_wm.l(atan.o)
    0x08019168   0x000001f0   Code   RO         3942    i.__hardfp_atan2    m_wm.l(atan2.o)
    0x08019358   0x000000d8   Code   RO         3954    i.__hardfp_cos      m_wm.l(cos.o)
    0x08019430   0x000000d8   Code   RO         3966    i.__hardfp_sin      m_wm.l(sin.o)
    0x08019508   0x0000007a   Code   RO         3978    i.__hardfp_sqrt     m_wm.l(sqrt.o)
    0x08019582   0x00000006   PAD
    0x08019588   0x00000438   Code   RO         4042    i.__ieee754_rem_pio2  m_wm.l(rred.o)
    0x080199c0   0x00000170   Code   RO         4026    i.__kernel_cos      m_wm.l(cos_i.o)
    0x08019b30   0x000000f8   Code   RO         4039    i.__kernel_poly     m_wm.l(poly.o)
    0x08019c28   0x00000130   Code   RO         4047    i.__kernel_sin      m_wm.l(sin_i.o)
    0x08019d58   0x00000020   Code   RO         4029    i.__mathlib_dbl_underflow  m_wm.l(dunder.o)
    0x08019d78   0x00000084   Code   RO         1756    i._atan2            STemWin528_CM4_OS_Keil.lib(gui_drawline.o)
    0x08019dfc   0x00000004   Code   RO         3656    i._cbInvalidateOne  STemWin528_CM4_OS_Keil.lib(wm_bringtotop.o)
    0x08019e00   0x00000044   Code   RO         2371    i._cbPaintMemDev    STemWin528_CM4_OS_Keil.lib(wm.o)
    0x08019e44   0x00000010   Code   RO         4014    i.atan              m_wm.l(atan.o)
    0x08019e54   0x00000050   Code   RO         2372    i.cbBackWin         STemWin528_CM4_OS_Keil.lib(wm.o)
    0x08019ea4   0x0000008a   Code   RO         2765    i.emWin_LCD_Init    STemWin528_CM4_OS_Keil.lib(lcd.o)
    0x08019f2e   0x00000018   Code   RO         4033    i.fabs              m_wm.l(fabs.o)
    0x08019f46   0x0000006e   Code   RO         3980    i.sqrt              m_wm.l(sqrt.o)
    0x08019fb4   0x00000018   Code   RO         3894    x$fpl$basic         fz_wm.l(basic.o)
    0x08019fcc   0x00000062   Code   RO         3896    x$fpl$d2f           fz_wm.l(d2f.o)
    0x0801a02e   0x00000002   PAD
    0x0801a030   0x00000150   Code   RO         3898    x$fpl$dadd          fz_wm.l(daddsub_clz.o)
    0x0801a180   0x00000018   Code   RO         3999    x$fpl$dcmpinf       fz_wm.l(dcmpi.o)
    0x0801a198   0x000002b0   Code   RO         3905    x$fpl$ddiv          fz_wm.l(ddiv.o)
    0x0801a448   0x0000005e   Code   RO         3908    x$fpl$dfix          fz_wm.l(dfix.o)
    0x0801a4a6   0x00000002   PAD
    0x0801a4a8   0x0000005a   Code   RO         3912    x$fpl$dfixu         fz_wm.l(dfixu.o)
    0x0801a502   0x0000002e   Code   RO         3917    x$fpl$dflt          fz_wm.l(dflt_clz.o)
    0x0801a530   0x00000026   Code   RO         3916    x$fpl$dfltu         fz_wm.l(dflt_clz.o)
    0x0801a556   0x00000002   PAD
    0x0801a558   0x00000078   Code   RO         3922    x$fpl$dleqf         fz_wm.l(dleqf.o)
    0x0801a5d0   0x00000154   Code   RO         3924    x$fpl$dmul          fz_wm.l(dmul.o)
    0x0801a724   0x0000009c   Code   RO         4001    x$fpl$dnaninf       fz_wm.l(dnaninf.o)
    0x0801a7c0   0x0000000c   Code   RO         4003    x$fpl$dretinf       fz_wm.l(dretinf.o)
    0x0801a7cc   0x00000016   Code   RO         3899    x$fpl$drsb          fz_wm.l(daddsub_clz.o)
    0x0801a7e2   0x00000002   PAD
    0x0801a7e4   0x00000198   Code   RO         4005    x$fpl$dsqrt         fz_wm.l(dsqrt_umaal.o)
    0x0801a97c   0x000001d4   Code   RO         3900    x$fpl$dsub          fz_wm.l(daddsub_clz.o)
    0x0801ab50   0x00000056   Code   RO         3926    x$fpl$f2d           fz_wm.l(f2d.o)
    0x0801aba6   0x0000008c   Code   RO         4007    x$fpl$fnaninf       fz_wm.l(fnaninf.o)
    0x0801ac32   0x0000000a   Code   RO         4156    x$fpl$fpinit        fz_wm.l(fpinit.o)
    0x0801ac3c   0x0000000a   Code   RO         4009    x$fpl$fretinf       fz_wm.l(fretinf.o)
    0x0801ac46   0x00000000   Code   RO         4011    x$fpl$usenofp       fz_wm.l(usenofp.o)
    0x0801ac46   0x0000000c   Data   RO          583    .constdata          rtc.o
    0x0801ac52   0x0000000a   Data   RO          648    .constdata          ft6236.o
    0x0801ac5c   0x000001ad   Data   RO          770    .constdata          usr_wifi.o
    0x0801ae09   0x00000014   Data   RO          816    .constdata          get_data.o
    0x0801ae1d   0x00000100   Data   RO         1076    .constdata          os_core.o
    0x0801af1d   0x00000003   PAD
    0x0801af20   0x00000034   Data   RO         1169    .constdata          guidrv_template.o
    0x0801af54   0x00000038   Data   RO         1259    .constdata          dispwifi.o
    0x0801af8c   0x0001c214   Data   RO         1299    .constdata          watch.o
    0x080371a0   0x00000070   Data   RO         1330    .constdata          dispdata.o
    0x08037210   0x0000aa70   Data   RO         1361    .constdata          wifibottun.o
    0x08041c80   0x00003cb4   Data   RO         1374    .constdata          help.o
    0x08045934   0x00003c98   Data   RO         1406    .constdata          medicine.o
    0x080495cc   0x0000289c   Data   RO         1428    .constdata          myfont.o
    0x0804be68   0x0000ace0   Data   RO         1437    .constdata          startmcu.o
    0x08056b48   0x00000880   Data   RO         1446    .constdata          connection.o
    0x080573c8   0x00000bf6   Data   RO         1459    .constdata          inv_mpu_dmp_motion_driver.o
    0x08057fbe   0x00000002   PAD
    0x08057fc0   0x00000050   Data   RO         1492    .constdata          inv_mpu.o
    0x08058010   0x00000008   Data   RO         1685    .constdata          STemWin528_CM4_OS_Keil.lib(gui_core.o)
    0x08058018   0x00000008   Data   RO         1719    .constdata          STemWin528_CM4_OS_Keil.lib(gui_device.o)
    0x08058020   0x00000010   Data   RO         1738    .constdata          STemWin528_CM4_OS_Keil.lib(gui_drawbitmap_565.o)
    0x08058030   0x00000044   Data   RO         1757    .constdata          STemWin528_CM4_OS_Keil.lib(gui_drawline.o)
    0x08058074   0x00000010   Data   RO         1818    .constdata          STemWin528_CM4_OS_Keil.lib(gui_uc_encodeutf8.o)
    0x08058084   0x00000018   Data   RO         1844    .constdata          STemWin528_CM4_OS_Keil.lib(guicc_m565.o)
    0x0805809c   0x00000518   Data   RO         1980    .constdata          STemWin528_CM4_OS_Keil.lib(f6x8.o)
    0x080585b4   0x000001c0   Data   RO         1981    .constdata          STemWin528_CM4_OS_Keil.lib(f6x8.o)
    0x08058774   0x00000008   Data   RO         1982    .constdata          STemWin528_CM4_OS_Keil.lib(f6x8.o)
    0x0805877c   0x00000014   Data   RO         1983    .constdata          STemWin528_CM4_OS_Keil.lib(f6x8.o)
    0x08058790   0x00000024   Data   RO         1984    .constdata          STemWin528_CM4_OS_Keil.lib(f6x8.o)
    0x080587b4   0x00000018   Data   RO         1986    .constdata          STemWin528_CM4_OS_Keil.lib(f24_ascii.o)
    0x080587cc   0x00000018   Data   RO         1987    .constdata          STemWin528_CM4_OS_Keil.lib(f24_ascii.o)
    0x080587e4   0x00000018   Data   RO         1988    .constdata          STemWin528_CM4_OS_Keil.lib(f24_ascii.o)
    0x080587fc   0x00000030   Data   RO         1989    .constdata          STemWin528_CM4_OS_Keil.lib(f24_ascii.o)
    0x0805882c   0x00000030   Data   RO         1990    .constdata          STemWin528_CM4_OS_Keil.lib(f24_ascii.o)
    0x0805885c   0x00000048   Data   RO         1991    .constdata          STemWin528_CM4_OS_Keil.lib(f24_ascii.o)
    0x080588a4   0x00000030   Data   RO         1992    .constdata          STemWin528_CM4_OS_Keil.lib(f24_ascii.o)
    0x080588d4   0x00000018   Data   RO         1993    .constdata          STemWin528_CM4_OS_Keil.lib(f24_ascii.o)
    0x080588ec   0x00000018   Data   RO         1994    .constdata          STemWin528_CM4_OS_Keil.lib(f24_ascii.o)
    0x08058904   0x00000018   Data   RO         1995    .constdata          STemWin528_CM4_OS_Keil.lib(f24_ascii.o)
    0x0805891c   0x00000018   Data   RO         1996    .constdata          STemWin528_CM4_OS_Keil.lib(f24_ascii.o)
    0x08058934   0x00000030   Data   RO         1997    .constdata          STemWin528_CM4_OS_Keil.lib(f24_ascii.o)
    0x08058964   0x00000018   Data   RO         1998    .constdata          STemWin528_CM4_OS_Keil.lib(f24_ascii.o)
    0x0805897c   0x00000018   Data   RO         1999    .constdata          STemWin528_CM4_OS_Keil.lib(f24_ascii.o)
    0x08058994   0x00000018   Data   RO         2000    .constdata          STemWin528_CM4_OS_Keil.lib(f24_ascii.o)
    0x080589ac   0x00000018   Data   RO         2001    .constdata          STemWin528_CM4_OS_Keil.lib(f24_ascii.o)
    0x080589c4   0x00000030   Data   RO         2002    .constdata          STemWin528_CM4_OS_Keil.lib(f24_ascii.o)
    0x080589f4   0x00000030   Data   RO         2003    .constdata          STemWin528_CM4_OS_Keil.lib(f24_ascii.o)
    0x08058a24   0x00000030   Data   RO         2004    .constdata          STemWin528_CM4_OS_Keil.lib(f24_ascii.o)
    0x08058a54   0x00000030   Data   RO         2005    .constdata          STemWin528_CM4_OS_Keil.lib(f24_ascii.o)
    0x08058a84   0x00000030   Data   RO         2006    .constdata          STemWin528_CM4_OS_Keil.lib(f24_ascii.o)
    0x08058ab4   0x00000030   Data   RO         2007    .constdata          STemWin528_CM4_OS_Keil.lib(f24_ascii.o)
    0x08058ae4   0x00000030   Data   RO         2008    .constdata          STemWin528_CM4_OS_Keil.lib(f24_ascii.o)
    0x08058b14   0x00000030   Data   RO         2009    .constdata          STemWin528_CM4_OS_Keil.lib(f24_ascii.o)
    0x08058b44   0x00000030   Data   RO         2010    .constdata          STemWin528_CM4_OS_Keil.lib(f24_ascii.o)
    0x08058b74   0x00000030   Data   RO         2011    .constdata          STemWin528_CM4_OS_Keil.lib(f24_ascii.o)
    0x08058ba4   0x00000018   Data   RO         2012    .constdata          STemWin528_CM4_OS_Keil.lib(f24_ascii.o)
    0x08058bbc   0x00000018   Data   RO         2013    .constdata          STemWin528_CM4_OS_Keil.lib(f24_ascii.o)
    0x08058bd4   0x00000030   Data   RO         2014    .constdata          STemWin528_CM4_OS_Keil.lib(f24_ascii.o)
    0x08058c04   0x00000030   Data   RO         2015    .constdata          STemWin528_CM4_OS_Keil.lib(f24_ascii.o)
    0x08058c34   0x00000030   Data   RO         2016    .constdata          STemWin528_CM4_OS_Keil.lib(f24_ascii.o)
    0x08058c64   0x00000030   Data   RO         2017    .constdata          STemWin528_CM4_OS_Keil.lib(f24_ascii.o)
    0x08058c94   0x00000048   Data   RO         2018    .constdata          STemWin528_CM4_OS_Keil.lib(f24_ascii.o)
    0x08058cdc   0x00000030   Data   RO         2019    .constdata          STemWin528_CM4_OS_Keil.lib(f24_ascii.o)
    0x08058d0c   0x00000030   Data   RO         2020    .constdata          STemWin528_CM4_OS_Keil.lib(f24_ascii.o)
    0x08058d3c   0x00000030   Data   RO         2021    .constdata          STemWin528_CM4_OS_Keil.lib(f24_ascii.o)
    0x08058d6c   0x00000030   Data   RO         2022    .constdata          STemWin528_CM4_OS_Keil.lib(f24_ascii.o)
    0x08058d9c   0x00000030   Data   RO         2023    .constdata          STemWin528_CM4_OS_Keil.lib(f24_ascii.o)
    0x08058dcc   0x00000030   Data   RO         2024    .constdata          STemWin528_CM4_OS_Keil.lib(f24_ascii.o)
    0x08058dfc   0x00000030   Data   RO         2025    .constdata          STemWin528_CM4_OS_Keil.lib(f24_ascii.o)
    0x08058e2c   0x00000030   Data   RO         2026    .constdata          STemWin528_CM4_OS_Keil.lib(f24_ascii.o)
    0x08058e5c   0x00000018   Data   RO         2027    .constdata          STemWin528_CM4_OS_Keil.lib(f24_ascii.o)
    0x08058e74   0x00000030   Data   RO         2028    .constdata          STemWin528_CM4_OS_Keil.lib(f24_ascii.o)
    0x08058ea4   0x00000030   Data   RO         2029    .constdata          STemWin528_CM4_OS_Keil.lib(f24_ascii.o)
    0x08058ed4   0x00000030   Data   RO         2030    .constdata          STemWin528_CM4_OS_Keil.lib(f24_ascii.o)
    0x08058f04   0x00000048   Data   RO         2031    .constdata          STemWin528_CM4_OS_Keil.lib(f24_ascii.o)
    0x08058f4c   0x00000030   Data   RO         2032    .constdata          STemWin528_CM4_OS_Keil.lib(f24_ascii.o)
    0x08058f7c   0x00000030   Data   RO         2033    .constdata          STemWin528_CM4_OS_Keil.lib(f24_ascii.o)
    0x08058fac   0x00000030   Data   RO         2034    .constdata          STemWin528_CM4_OS_Keil.lib(f24_ascii.o)
    0x08058fdc   0x00000030   Data   RO         2035    .constdata          STemWin528_CM4_OS_Keil.lib(f24_ascii.o)
    0x0805900c   0x00000030   Data   RO         2036    .constdata          STemWin528_CM4_OS_Keil.lib(f24_ascii.o)
    0x0805903c   0x00000030   Data   RO         2037    .constdata          STemWin528_CM4_OS_Keil.lib(f24_ascii.o)
    0x0805906c   0x00000030   Data   RO         2038    .constdata          STemWin528_CM4_OS_Keil.lib(f24_ascii.o)
    0x0805909c   0x00000030   Data   RO         2039    .constdata          STemWin528_CM4_OS_Keil.lib(f24_ascii.o)
    0x080590cc   0x00000030   Data   RO         2040    .constdata          STemWin528_CM4_OS_Keil.lib(f24_ascii.o)
    0x080590fc   0x00000048   Data   RO         2041    .constdata          STemWin528_CM4_OS_Keil.lib(f24_ascii.o)
    0x08059144   0x00000030   Data   RO         2042    .constdata          STemWin528_CM4_OS_Keil.lib(f24_ascii.o)
    0x08059174   0x00000030   Data   RO         2043    .constdata          STemWin528_CM4_OS_Keil.lib(f24_ascii.o)
    0x080591a4   0x00000030   Data   RO         2044    .constdata          STemWin528_CM4_OS_Keil.lib(f24_ascii.o)
    0x080591d4   0x00000018   Data   RO         2045    .constdata          STemWin528_CM4_OS_Keil.lib(f24_ascii.o)
    0x080591ec   0x00000018   Data   RO         2046    .constdata          STemWin528_CM4_OS_Keil.lib(f24_ascii.o)
    0x08059204   0x00000018   Data   RO         2047    .constdata          STemWin528_CM4_OS_Keil.lib(f24_ascii.o)
    0x0805921c   0x00000018   Data   RO         2048    .constdata          STemWin528_CM4_OS_Keil.lib(f24_ascii.o)
    0x08059234   0x00000030   Data   RO         2049    .constdata          STemWin528_CM4_OS_Keil.lib(f24_ascii.o)
    0x08059264   0x00000018   Data   RO         2050    .constdata          STemWin528_CM4_OS_Keil.lib(f24_ascii.o)
    0x0805927c   0x00000030   Data   RO         2051    .constdata          STemWin528_CM4_OS_Keil.lib(f24_ascii.o)
    0x080592ac   0x00000030   Data   RO         2052    .constdata          STemWin528_CM4_OS_Keil.lib(f24_ascii.o)
    0x080592dc   0x00000030   Data   RO         2053    .constdata          STemWin528_CM4_OS_Keil.lib(f24_ascii.o)
    0x0805930c   0x00000030   Data   RO         2054    .constdata          STemWin528_CM4_OS_Keil.lib(f24_ascii.o)
    0x0805933c   0x00000030   Data   RO         2055    .constdata          STemWin528_CM4_OS_Keil.lib(f24_ascii.o)
    0x0805936c   0x00000018   Data   RO         2056    .constdata          STemWin528_CM4_OS_Keil.lib(f24_ascii.o)
    0x08059384   0x00000030   Data   RO         2057    .constdata          STemWin528_CM4_OS_Keil.lib(f24_ascii.o)
    0x080593b4   0x00000030   Data   RO         2058    .constdata          STemWin528_CM4_OS_Keil.lib(f24_ascii.o)
    0x080593e4   0x00000018   Data   RO         2059    .constdata          STemWin528_CM4_OS_Keil.lib(f24_ascii.o)
    0x080593fc   0x00000018   Data   RO         2060    .constdata          STemWin528_CM4_OS_Keil.lib(f24_ascii.o)
    0x08059414   0x00000030   Data   RO         2061    .constdata          STemWin528_CM4_OS_Keil.lib(f24_ascii.o)
    0x08059444   0x00000018   Data   RO         2062    .constdata          STemWin528_CM4_OS_Keil.lib(f24_ascii.o)
    0x0805945c   0x00000030   Data   RO         2063    .constdata          STemWin528_CM4_OS_Keil.lib(f24_ascii.o)
    0x0805948c   0x00000030   Data   RO         2064    .constdata          STemWin528_CM4_OS_Keil.lib(f24_ascii.o)
    0x080594bc   0x00000030   Data   RO         2065    .constdata          STemWin528_CM4_OS_Keil.lib(f24_ascii.o)
    0x080594ec   0x00000030   Data   RO         2066    .constdata          STemWin528_CM4_OS_Keil.lib(f24_ascii.o)
    0x0805951c   0x00000030   Data   RO         2067    .constdata          STemWin528_CM4_OS_Keil.lib(f24_ascii.o)
    0x0805954c   0x00000018   Data   RO         2068    .constdata          STemWin528_CM4_OS_Keil.lib(f24_ascii.o)
    0x08059564   0x00000030   Data   RO         2069    .constdata          STemWin528_CM4_OS_Keil.lib(f24_ascii.o)
    0x08059594   0x00000018   Data   RO         2070    .constdata          STemWin528_CM4_OS_Keil.lib(f24_ascii.o)
    0x080595ac   0x00000030   Data   RO         2071    .constdata          STemWin528_CM4_OS_Keil.lib(f24_ascii.o)
    0x080595dc   0x00000030   Data   RO         2072    .constdata          STemWin528_CM4_OS_Keil.lib(f24_ascii.o)
    0x0805960c   0x00000030   Data   RO         2073    .constdata          STemWin528_CM4_OS_Keil.lib(f24_ascii.o)
    0x0805963c   0x00000030   Data   RO         2074    .constdata          STemWin528_CM4_OS_Keil.lib(f24_ascii.o)
    0x0805966c   0x00000030   Data   RO         2075    .constdata          STemWin528_CM4_OS_Keil.lib(f24_ascii.o)
    0x0805969c   0x00000030   Data   RO         2076    .constdata          STemWin528_CM4_OS_Keil.lib(f24_ascii.o)
    0x080596cc   0x00000018   Data   RO         2077    .constdata          STemWin528_CM4_OS_Keil.lib(f24_ascii.o)
    0x080596e4   0x00000018   Data   RO         2078    .constdata          STemWin528_CM4_OS_Keil.lib(f24_ascii.o)
    0x080596fc   0x00000018   Data   RO         2079    .constdata          STemWin528_CM4_OS_Keil.lib(f24_ascii.o)
    0x08059714   0x00000030   Data   RO         2080    .constdata          STemWin528_CM4_OS_Keil.lib(f24_ascii.o)
    0x08059744   0x000002f8   Data   RO         2081    .constdata          STemWin528_CM4_OS_Keil.lib(f24_ascii.o)
    0x08059a3c   0x0000000c   Data   RO         2082    .constdata          STemWin528_CM4_OS_Keil.lib(f24_ascii.o)
    0x08059a48   0x00000024   Data   RO         2083    .constdata          STemWin528_CM4_OS_Keil.lib(f24_ascii.o)
    0x08059a6c   0x00000020   Data   RO         2084    .constdata          STemWin528_CM4_OS_Keil.lib(f32_ascii.o)
    0x08059a8c   0x00000020   Data   RO         2085    .constdata          STemWin528_CM4_OS_Keil.lib(f32_ascii.o)
    0x08059aac   0x00000040   Data   RO         2086    .constdata          STemWin528_CM4_OS_Keil.lib(f32_ascii.o)
    0x08059aec   0x00000040   Data   RO         2087    .constdata          STemWin528_CM4_OS_Keil.lib(f32_ascii.o)
    0x08059b2c   0x00000040   Data   RO         2088    .constdata          STemWin528_CM4_OS_Keil.lib(f32_ascii.o)
    0x08059b6c   0x00000060   Data   RO         2089    .constdata          STemWin528_CM4_OS_Keil.lib(f32_ascii.o)
    0x08059bcc   0x00000060   Data   RO         2090    .constdata          STemWin528_CM4_OS_Keil.lib(f32_ascii.o)
    0x08059c2c   0x00000020   Data   RO         2091    .constdata          STemWin528_CM4_OS_Keil.lib(f32_ascii.o)
    0x08059c4c   0x00000040   Data   RO         2092    .constdata          STemWin528_CM4_OS_Keil.lib(f32_ascii.o)
    0x08059c8c   0x00000040   Data   RO         2093    .constdata          STemWin528_CM4_OS_Keil.lib(f32_ascii.o)
    0x08059ccc   0x00000040   Data   RO         2094    .constdata          STemWin528_CM4_OS_Keil.lib(f32_ascii.o)
    0x08059d0c   0x00000040   Data   RO         2095    .constdata          STemWin528_CM4_OS_Keil.lib(f32_ascii.o)
    0x08059d4c   0x00000020   Data   RO         2096    .constdata          STemWin528_CM4_OS_Keil.lib(f32_ascii.o)
    0x08059d6c   0x00000040   Data   RO         2097    .constdata          STemWin528_CM4_OS_Keil.lib(f32_ascii.o)
    0x08059dac   0x00000020   Data   RO         2098    .constdata          STemWin528_CM4_OS_Keil.lib(f32_ascii.o)
    0x08059dcc   0x00000020   Data   RO         2099    .constdata          STemWin528_CM4_OS_Keil.lib(f32_ascii.o)
    0x08059dec   0x00000040   Data   RO         2100    .constdata          STemWin528_CM4_OS_Keil.lib(f32_ascii.o)
    0x08059e2c   0x00000040   Data   RO         2101    .constdata          STemWin528_CM4_OS_Keil.lib(f32_ascii.o)
    0x08059e6c   0x00000040   Data   RO         2102    .constdata          STemWin528_CM4_OS_Keil.lib(f32_ascii.o)
    0x08059eac   0x00000040   Data   RO         2103    .constdata          STemWin528_CM4_OS_Keil.lib(f32_ascii.o)
    0x08059eec   0x00000040   Data   RO         2104    .constdata          STemWin528_CM4_OS_Keil.lib(f32_ascii.o)
    0x08059f2c   0x00000040   Data   RO         2105    .constdata          STemWin528_CM4_OS_Keil.lib(f32_ascii.o)
    0x08059f6c   0x00000040   Data   RO         2106    .constdata          STemWin528_CM4_OS_Keil.lib(f32_ascii.o)
    0x08059fac   0x00000040   Data   RO         2107    .constdata          STemWin528_CM4_OS_Keil.lib(f32_ascii.o)
    0x08059fec   0x00000040   Data   RO         2108    .constdata          STemWin528_CM4_OS_Keil.lib(f32_ascii.o)
    0x0805a02c   0x00000040   Data   RO         2109    .constdata          STemWin528_CM4_OS_Keil.lib(f32_ascii.o)
    0x0805a06c   0x00000020   Data   RO         2110    .constdata          STemWin528_CM4_OS_Keil.lib(f32_ascii.o)
    0x0805a08c   0x00000020   Data   RO         2111    .constdata          STemWin528_CM4_OS_Keil.lib(f32_ascii.o)
    0x0805a0ac   0x00000040   Data   RO         2112    .constdata          STemWin528_CM4_OS_Keil.lib(f32_ascii.o)
    0x0805a0ec   0x00000040   Data   RO         2113    .constdata          STemWin528_CM4_OS_Keil.lib(f32_ascii.o)
    0x0805a12c   0x00000040   Data   RO         2114    .constdata          STemWin528_CM4_OS_Keil.lib(f32_ascii.o)
    0x0805a16c   0x00000040   Data   RO         2115    .constdata          STemWin528_CM4_OS_Keil.lib(f32_ascii.o)
    0x0805a1ac   0x00000080   Data   RO         2116    .constdata          STemWin528_CM4_OS_Keil.lib(f32_ascii.o)
    0x0805a22c   0x00000060   Data   RO         2117    .constdata          STemWin528_CM4_OS_Keil.lib(f32_ascii.o)
    0x0805a28c   0x00000060   Data   RO         2118    .constdata          STemWin528_CM4_OS_Keil.lib(f32_ascii.o)
    0x0805a2ec   0x00000060   Data   RO         2119    .constdata          STemWin528_CM4_OS_Keil.lib(f32_ascii.o)
    0x0805a34c   0x00000060   Data   RO         2120    .constdata          STemWin528_CM4_OS_Keil.lib(f32_ascii.o)
    0x0805a3ac   0x00000060   Data   RO         2121    .constdata          STemWin528_CM4_OS_Keil.lib(f32_ascii.o)
    0x0805a40c   0x00000060   Data   RO         2122    .constdata          STemWin528_CM4_OS_Keil.lib(f32_ascii.o)
    0x0805a46c   0x00000060   Data   RO         2123    .constdata          STemWin528_CM4_OS_Keil.lib(f32_ascii.o)
    0x0805a4cc   0x00000060   Data   RO         2124    .constdata          STemWin528_CM4_OS_Keil.lib(f32_ascii.o)
    0x0805a52c   0x00000020   Data   RO         2125    .constdata          STemWin528_CM4_OS_Keil.lib(f32_ascii.o)
    0x0805a54c   0x00000040   Data   RO         2126    .constdata          STemWin528_CM4_OS_Keil.lib(f32_ascii.o)
    0x0805a58c   0x00000060   Data   RO         2127    .constdata          STemWin528_CM4_OS_Keil.lib(f32_ascii.o)
    0x0805a5ec   0x00000040   Data   RO         2128    .constdata          STemWin528_CM4_OS_Keil.lib(f32_ascii.o)
    0x0805a62c   0x00000060   Data   RO         2129    .constdata          STemWin528_CM4_OS_Keil.lib(f32_ascii.o)
    0x0805a68c   0x00000060   Data   RO         2130    .constdata          STemWin528_CM4_OS_Keil.lib(f32_ascii.o)
    0x0805a6ec   0x00000060   Data   RO         2131    .constdata          STemWin528_CM4_OS_Keil.lib(f32_ascii.o)
    0x0805a74c   0x00000060   Data   RO         2132    .constdata          STemWin528_CM4_OS_Keil.lib(f32_ascii.o)
    0x0805a7ac   0x00000060   Data   RO         2133    .constdata          STemWin528_CM4_OS_Keil.lib(f32_ascii.o)
    0x0805a80c   0x00000060   Data   RO         2134    .constdata          STemWin528_CM4_OS_Keil.lib(f32_ascii.o)
    0x0805a86c   0x00000060   Data   RO         2135    .constdata          STemWin528_CM4_OS_Keil.lib(f32_ascii.o)
    0x0805a8cc   0x00000040   Data   RO         2136    .constdata          STemWin528_CM4_OS_Keil.lib(f32_ascii.o)
    0x0805a90c   0x00000060   Data   RO         2137    .constdata          STemWin528_CM4_OS_Keil.lib(f32_ascii.o)
    0x0805a96c   0x00000060   Data   RO         2138    .constdata          STemWin528_CM4_OS_Keil.lib(f32_ascii.o)
    0x0805a9cc   0x00000080   Data   RO         2139    .constdata          STemWin528_CM4_OS_Keil.lib(f32_ascii.o)
    0x0805aa4c   0x00000060   Data   RO         2140    .constdata          STemWin528_CM4_OS_Keil.lib(f32_ascii.o)
    0x0805aaac   0x00000060   Data   RO         2141    .constdata          STemWin528_CM4_OS_Keil.lib(f32_ascii.o)
    0x0805ab0c   0x00000060   Data   RO         2142    .constdata          STemWin528_CM4_OS_Keil.lib(f32_ascii.o)
    0x0805ab6c   0x00000020   Data   RO         2143    .constdata          STemWin528_CM4_OS_Keil.lib(f32_ascii.o)
    0x0805ab8c   0x00000020   Data   RO         2144    .constdata          STemWin528_CM4_OS_Keil.lib(f32_ascii.o)
    0x0805abac   0x00000020   Data   RO         2145    .constdata          STemWin528_CM4_OS_Keil.lib(f32_ascii.o)
    0x0805abcc   0x00000040   Data   RO         2146    .constdata          STemWin528_CM4_OS_Keil.lib(f32_ascii.o)
    0x0805ac0c   0x00000040   Data   RO         2147    .constdata          STemWin528_CM4_OS_Keil.lib(f32_ascii.o)
    0x0805ac4c   0x00000040   Data   RO         2148    .constdata          STemWin528_CM4_OS_Keil.lib(f32_ascii.o)
    0x0805ac8c   0x00000040   Data   RO         2149    .constdata          STemWin528_CM4_OS_Keil.lib(f32_ascii.o)
    0x0805accc   0x00000040   Data   RO         2150    .constdata          STemWin528_CM4_OS_Keil.lib(f32_ascii.o)
    0x0805ad0c   0x00000040   Data   RO         2151    .constdata          STemWin528_CM4_OS_Keil.lib(f32_ascii.o)
    0x0805ad4c   0x00000040   Data   RO         2152    .constdata          STemWin528_CM4_OS_Keil.lib(f32_ascii.o)
    0x0805ad8c   0x00000040   Data   RO         2153    .constdata          STemWin528_CM4_OS_Keil.lib(f32_ascii.o)
    0x0805adcc   0x00000020   Data   RO         2154    .constdata          STemWin528_CM4_OS_Keil.lib(f32_ascii.o)
    0x0805adec   0x00000040   Data   RO         2155    .constdata          STemWin528_CM4_OS_Keil.lib(f32_ascii.o)
    0x0805ae2c   0x00000040   Data   RO         2156    .constdata          STemWin528_CM4_OS_Keil.lib(f32_ascii.o)
    0x0805ae6c   0x00000020   Data   RO         2157    .constdata          STemWin528_CM4_OS_Keil.lib(f32_ascii.o)
    0x0805ae8c   0x00000020   Data   RO         2158    .constdata          STemWin528_CM4_OS_Keil.lib(f32_ascii.o)
    0x0805aeac   0x00000040   Data   RO         2159    .constdata          STemWin528_CM4_OS_Keil.lib(f32_ascii.o)
    0x0805aeec   0x00000020   Data   RO         2160    .constdata          STemWin528_CM4_OS_Keil.lib(f32_ascii.o)
    0x0805af0c   0x00000060   Data   RO         2161    .constdata          STemWin528_CM4_OS_Keil.lib(f32_ascii.o)
    0x0805af6c   0x00000040   Data   RO         2162    .constdata          STemWin528_CM4_OS_Keil.lib(f32_ascii.o)
    0x0805afac   0x00000040   Data   RO         2163    .constdata          STemWin528_CM4_OS_Keil.lib(f32_ascii.o)
    0x0805afec   0x00000040   Data   RO         2164    .constdata          STemWin528_CM4_OS_Keil.lib(f32_ascii.o)
    0x0805b02c   0x00000040   Data   RO         2165    .constdata          STemWin528_CM4_OS_Keil.lib(f32_ascii.o)
    0x0805b06c   0x00000040   Data   RO         2166    .constdata          STemWin528_CM4_OS_Keil.lib(f32_ascii.o)
    0x0805b0ac   0x00000040   Data   RO         2167    .constdata          STemWin528_CM4_OS_Keil.lib(f32_ascii.o)
    0x0805b0ec   0x00000020   Data   RO         2168    .constdata          STemWin528_CM4_OS_Keil.lib(f32_ascii.o)
    0x0805b10c   0x00000040   Data   RO         2169    .constdata          STemWin528_CM4_OS_Keil.lib(f32_ascii.o)
    0x0805b14c   0x00000040   Data   RO         2170    .constdata          STemWin528_CM4_OS_Keil.lib(f32_ascii.o)
    0x0805b18c   0x00000060   Data   RO         2171    .constdata          STemWin528_CM4_OS_Keil.lib(f32_ascii.o)
    0x0805b1ec   0x00000040   Data   RO         2172    .constdata          STemWin528_CM4_OS_Keil.lib(f32_ascii.o)
    0x0805b22c   0x00000040   Data   RO         2173    .constdata          STemWin528_CM4_OS_Keil.lib(f32_ascii.o)
    0x0805b26c   0x00000040   Data   RO         2174    .constdata          STemWin528_CM4_OS_Keil.lib(f32_ascii.o)
    0x0805b2ac   0x00000040   Data   RO         2175    .constdata          STemWin528_CM4_OS_Keil.lib(f32_ascii.o)
    0x0805b2ec   0x00000020   Data   RO         2176    .constdata          STemWin528_CM4_OS_Keil.lib(f32_ascii.o)
    0x0805b30c   0x00000040   Data   RO         2177    .constdata          STemWin528_CM4_OS_Keil.lib(f32_ascii.o)
    0x0805b34c   0x00000040   Data   RO         2178    .constdata          STemWin528_CM4_OS_Keil.lib(f32_ascii.o)
    0x0805b38c   0x000002f8   Data   RO         2179    .constdata          STemWin528_CM4_OS_Keil.lib(f32_ascii.o)
    0x0805b684   0x0000000c   Data   RO         2180    .constdata          STemWin528_CM4_OS_Keil.lib(f32_ascii.o)
    0x0805b690   0x00000024   Data   RO         2181    .constdata          STemWin528_CM4_OS_Keil.lib(f32_ascii.o)
    0x0805b6b4   0x00000074   Data   RO         2218    .constdata          STemWin528_CM4_OS_Keil.lib(guidev_16.o)
    0x0805b728   0x00000020   Data   RO         2456    .constdata          STemWin528_CM4_OS_Keil.lib(gui__divtbl_31_255.o)
    0x0805b748   0x00000040   Data   RO         2457    .constdata          STemWin528_CM4_OS_Keil.lib(gui__divtbl_63_255.o)
    0x0805b788   0x00000100   Data   RO         2458    .constdata          STemWin528_CM4_OS_Keil.lib(gui__divtbl_255_31.o)
    0x0805b888   0x00000100   Data   RO         2459    .constdata          STemWin528_CM4_OS_Keil.lib(gui__divtbl_255_63.o)
    0x0805b988   0x0000016c   Data   RO         2485    .constdata          STemWin528_CM4_OS_Keil.lib(gui__sinhq.o)
    0x0805baf4   0x00000028   Data   RO         2497    .constdata          STemWin528_CM4_OS_Keil.lib(gui_adddecshift.o)
    0x0805bb1c   0x00000010   Data   RO         2709    .constdata          STemWin528_CM4_OS_Keil.lib(gui_uc_encodenone.o)
    0x0805bb2c   0x00000018   Data   RO         2733    .constdata          STemWin528_CM4_OS_Keil.lib(guicc_565.o)
    0x0805bb44   0x00000018   Data   RO         2743    .constdata          STemWin528_CM4_OS_Keil.lib(guicc_8888.o)
    0x0805bb5c   0x0000000c   Data   RO         2766    .constdata          STemWin528_CM4_OS_Keil.lib(lcd.o)
    0x0805bb68   0x00000100   Data   RO         2818    .constdata          STemWin528_CM4_OS_Keil.lib(lcd_mirror.o)
    0x0805bc68   0x0000000d   Data   RO         2823    .constdata          STemWin528_CM4_OS_Keil.lib(f13_1.o)
    0x0805bc75   0x0000000d   Data   RO         2824    .constdata          STemWin528_CM4_OS_Keil.lib(f13_1.o)
    0x0805bc82   0x0000000d   Data   RO         2825    .constdata          STemWin528_CM4_OS_Keil.lib(f13_1.o)
    0x0805bc8f   0x0000000d   Data   RO         2826    .constdata          STemWin528_CM4_OS_Keil.lib(f13_1.o)
    0x0805bc9c   0x0000000d   Data   RO         2827    .constdata          STemWin528_CM4_OS_Keil.lib(f13_1.o)
    0x0805bca9   0x0000000d   Data   RO         2828    .constdata          STemWin528_CM4_OS_Keil.lib(f13_1.o)
    0x0805bcb6   0x0000000d   Data   RO         2829    .constdata          STemWin528_CM4_OS_Keil.lib(f13_1.o)
    0x0805bcc3   0x0000000d   Data   RO         2830    .constdata          STemWin528_CM4_OS_Keil.lib(f13_1.o)
    0x0805bcd0   0x0000000d   Data   RO         2831    .constdata          STemWin528_CM4_OS_Keil.lib(f13_1.o)
    0x0805bcdd   0x0000001a   Data   RO         2832    .constdata          STemWin528_CM4_OS_Keil.lib(f13_1.o)
    0x0805bcf7   0x0000000d   Data   RO         2833    .constdata          STemWin528_CM4_OS_Keil.lib(f13_1.o)
    0x0805bd04   0x0000000d   Data   RO         2834    .constdata          STemWin528_CM4_OS_Keil.lib(f13_1.o)
    0x0805bd11   0x0000000d   Data   RO         2835    .constdata          STemWin528_CM4_OS_Keil.lib(f13_1.o)
    0x0805bd1e   0x0000000d   Data   RO         2836    .constdata          STemWin528_CM4_OS_Keil.lib(f13_1.o)
    0x0805bd2b   0x0000001a   Data   RO         2837    .constdata          STemWin528_CM4_OS_Keil.lib(f13_1.o)
    0x0805bd45   0x0000000d   Data   RO         2838    .constdata          STemWin528_CM4_OS_Keil.lib(f13_1.o)
    0x0805bd52   0x0000000d   Data   RO         2839    .constdata          STemWin528_CM4_OS_Keil.lib(f13_1.o)
    0x0805bd5f   0x0000000d   Data   RO         2840    .constdata          STemWin528_CM4_OS_Keil.lib(f13_1.o)
    0x0805bd6c   0x0000000d   Data   RO         2841    .constdata          STemWin528_CM4_OS_Keil.lib(f13_1.o)
    0x0805bd79   0x0000000d   Data   RO         2842    .constdata          STemWin528_CM4_OS_Keil.lib(f13_1.o)
    0x0805bd86   0x0000000d   Data   RO         2843    .constdata          STemWin528_CM4_OS_Keil.lib(f13_1.o)
    0x0805bd93   0x0000000d   Data   RO         2844    .constdata          STemWin528_CM4_OS_Keil.lib(f13_1.o)
    0x0805bda0   0x0000000d   Data   RO         2845    .constdata          STemWin528_CM4_OS_Keil.lib(f13_1.o)
    0x0805bdad   0x0000000d   Data   RO         2846    .constdata          STemWin528_CM4_OS_Keil.lib(f13_1.o)
    0x0805bdba   0x0000000d   Data   RO         2847    .constdata          STemWin528_CM4_OS_Keil.lib(f13_1.o)
    0x0805bdc7   0x0000000d   Data   RO         2848    .constdata          STemWin528_CM4_OS_Keil.lib(f13_1.o)
    0x0805bdd4   0x0000000d   Data   RO         2849    .constdata          STemWin528_CM4_OS_Keil.lib(f13_1.o)
    0x0805bde1   0x0000000d   Data   RO         2850    .constdata          STemWin528_CM4_OS_Keil.lib(f13_1.o)
    0x0805bdee   0x0000001a   Data   RO         2851    .constdata          STemWin528_CM4_OS_Keil.lib(f13_1.o)
    0x0805be08   0x0000001a   Data   RO         2852    .constdata          STemWin528_CM4_OS_Keil.lib(f13_1.o)
    0x0805be22   0x0000001a   Data   RO         2853    .constdata          STemWin528_CM4_OS_Keil.lib(f13_1.o)
    0x0805be3c   0x0000000d   Data   RO         2854    .constdata          STemWin528_CM4_OS_Keil.lib(f13_1.o)
    0x0805be49   0x0000000d   Data   RO         2855    .constdata          STemWin528_CM4_OS_Keil.lib(f13_1.o)
    0x0805be56   0x0000000d   Data   RO         2856    .constdata          STemWin528_CM4_OS_Keil.lib(f13_1.o)
    0x0805be63   0x0000000d   Data   RO         2857    .constdata          STemWin528_CM4_OS_Keil.lib(f13_1.o)
    0x0805be70   0x0000000d   Data   RO         2858    .constdata          STemWin528_CM4_OS_Keil.lib(f13_1.o)
    0x0805be7d   0x0000000d   Data   RO         2859    .constdata          STemWin528_CM4_OS_Keil.lib(f13_1.o)
    0x0805be8a   0x0000000d   Data   RO         2860    .constdata          STemWin528_CM4_OS_Keil.lib(f13_1.o)
    0x0805be97   0x0000001a   Data   RO         2861    .constdata          STemWin528_CM4_OS_Keil.lib(f13_1.o)
    0x0805beb1   0x0000000d   Data   RO         2862    .constdata          STemWin528_CM4_OS_Keil.lib(f13_1.o)
    0x0805bebe   0x0000000d   Data   RO         2863    .constdata          STemWin528_CM4_OS_Keil.lib(f13_1.o)
    0x0805becb   0x0000000d   Data   RO         2864    .constdata          STemWin528_CM4_OS_Keil.lib(f13_1.o)
    0x0805bed8   0x0000000d   Data   RO         2865    .constdata          STemWin528_CM4_OS_Keil.lib(f13_1.o)
    0x0805bee5   0x0000000d   Data   RO         2866    .constdata          STemWin528_CM4_OS_Keil.lib(f13_1.o)
    0x0805bef2   0x0000000d   Data   RO         2867    .constdata          STemWin528_CM4_OS_Keil.lib(f13_1.o)
    0x0805beff   0x0000000d   Data   RO         2868    .constdata          STemWin528_CM4_OS_Keil.lib(f13_1.o)
    0x0805bf0c   0x0000000d   Data   RO         2869    .constdata          STemWin528_CM4_OS_Keil.lib(f13_1.o)
    0x0805bf19   0x0000000d   Data   RO         2870    .constdata          STemWin528_CM4_OS_Keil.lib(f13_1.o)
    0x0805bf26   0x0000000d   Data   RO         2871    .constdata          STemWin528_CM4_OS_Keil.lib(f13_1.o)
    0x0805bf33   0x0000000d   Data   RO         2872    .constdata          STemWin528_CM4_OS_Keil.lib(f13_1.o)
    0x0805bf40   0x0000000d   Data   RO         2873    .constdata          STemWin528_CM4_OS_Keil.lib(f13_1.o)
    0x0805bf4d   0x0000000d   Data   RO         2874    .constdata          STemWin528_CM4_OS_Keil.lib(f13_1.o)
    0x0805bf5a   0x0000000d   Data   RO         2875    .constdata          STemWin528_CM4_OS_Keil.lib(f13_1.o)
    0x0805bf67   0x0000000d   Data   RO         2876    .constdata          STemWin528_CM4_OS_Keil.lib(f13_1.o)
    0x0805bf74   0x0000000d   Data   RO         2877    .constdata          STemWin528_CM4_OS_Keil.lib(f13_1.o)
    0x0805bf81   0x0000000d   Data   RO         2878    .constdata          STemWin528_CM4_OS_Keil.lib(f13_1.o)
    0x0805bf8e   0x0000000d   Data   RO         2879    .constdata          STemWin528_CM4_OS_Keil.lib(f13_1.o)
    0x0805bf9b   0x0000000d   Data   RO         2880    .constdata          STemWin528_CM4_OS_Keil.lib(f13_1.o)
    0x0805bfa8   0x0000000d   Data   RO         2881    .constdata          STemWin528_CM4_OS_Keil.lib(f13_1.o)
    0x0805bfb5   0x0000000d   Data   RO         2882    .constdata          STemWin528_CM4_OS_Keil.lib(f13_1.o)
    0x0805bfc2   0x0000000d   Data   RO         2883    .constdata          STemWin528_CM4_OS_Keil.lib(f13_1.o)
    0x0805bfcf   0x0000000d   Data   RO         2884    .constdata          STemWin528_CM4_OS_Keil.lib(f13_1.o)
    0x0805bfdc   0x0000000d   Data   RO         2885    .constdata          STemWin528_CM4_OS_Keil.lib(f13_1.o)
    0x0805bfe9   0x0000000d   Data   RO         2886    .constdata          STemWin528_CM4_OS_Keil.lib(f13_1.o)
    0x0805bff6   0x0000000d   Data   RO         2887    .constdata          STemWin528_CM4_OS_Keil.lib(f13_1.o)
    0x0805c003   0x0000000d   Data   RO         2888    .constdata          STemWin528_CM4_OS_Keil.lib(f13_1.o)
    0x0805c010   0x0000000d   Data   RO         2889    .constdata          STemWin528_CM4_OS_Keil.lib(f13_1.o)
    0x0805c01d   0x0000000d   Data   RO         2890    .constdata          STemWin528_CM4_OS_Keil.lib(f13_1.o)
    0x0805c02a   0x0000000d   Data   RO         2891    .constdata          STemWin528_CM4_OS_Keil.lib(f13_1.o)
    0x0805c037   0x0000000d   Data   RO         2892    .constdata          STemWin528_CM4_OS_Keil.lib(f13_1.o)
    0x0805c044   0x0000001a   Data   RO         2893    .constdata          STemWin528_CM4_OS_Keil.lib(f13_1.o)
    0x0805c05e   0x0000000d   Data   RO         2894    .constdata          STemWin528_CM4_OS_Keil.lib(f13_1.o)
    0x0805c06b   0x0000000d   Data   RO         2895    .constdata          STemWin528_CM4_OS_Keil.lib(f13_1.o)
    0x0805c078   0x0000000d   Data   RO         2896    .constdata          STemWin528_CM4_OS_Keil.lib(f13_1.o)
    0x0805c085   0x0000000d   Data   RO         2897    .constdata          STemWin528_CM4_OS_Keil.lib(f13_1.o)
    0x0805c092   0x0000000d   Data   RO         2898    .constdata          STemWin528_CM4_OS_Keil.lib(f13_1.o)
    0x0805c09f   0x0000000d   Data   RO         2899    .constdata          STemWin528_CM4_OS_Keil.lib(f13_1.o)
    0x0805c0ac   0x0000000d   Data   RO         2900    .constdata          STemWin528_CM4_OS_Keil.lib(f13_1.o)
    0x0805c0b9   0x0000000d   Data   RO         2901    .constdata          STemWin528_CM4_OS_Keil.lib(f13_1.o)
    0x0805c0c6   0x0000000d   Data   RO         2902    .constdata          STemWin528_CM4_OS_Keil.lib(f13_1.o)
    0x0805c0d3   0x0000000d   Data   RO         2903    .constdata          STemWin528_CM4_OS_Keil.lib(f13_1.o)
    0x0805c0e0   0x0000000d   Data   RO         2904    .constdata          STemWin528_CM4_OS_Keil.lib(f13_1.o)
    0x0805c0ed   0x0000000d   Data   RO         2905    .constdata          STemWin528_CM4_OS_Keil.lib(f13_1.o)
    0x0805c0fa   0x0000000d   Data   RO         2906    .constdata          STemWin528_CM4_OS_Keil.lib(f13_1.o)
    0x0805c107   0x0000000d   Data   RO         2907    .constdata          STemWin528_CM4_OS_Keil.lib(f13_1.o)
    0x0805c114   0x0000000d   Data   RO         2908    .constdata          STemWin528_CM4_OS_Keil.lib(f13_1.o)
    0x0805c121   0x0000000d   Data   RO         2909    .constdata          STemWin528_CM4_OS_Keil.lib(f13_1.o)
    0x0805c12e   0x0000000d   Data   RO         2910    .constdata          STemWin528_CM4_OS_Keil.lib(f13_1.o)
    0x0805c13b   0x0000000d   Data   RO         2911    .constdata          STemWin528_CM4_OS_Keil.lib(f13_1.o)
    0x0805c148   0x0000000d   Data   RO         2912    .constdata          STemWin528_CM4_OS_Keil.lib(f13_1.o)
    0x0805c155   0x0000000d   Data   RO         2913    .constdata          STemWin528_CM4_OS_Keil.lib(f13_1.o)
    0x0805c162   0x0000000d   Data   RO         2914    .constdata          STemWin528_CM4_OS_Keil.lib(f13_1.o)
    0x0805c16f   0x0000000d   Data   RO         2915    .constdata          STemWin528_CM4_OS_Keil.lib(f13_1.o)
    0x0805c17c   0x0000000d   Data   RO         2916    .constdata          STemWin528_CM4_OS_Keil.lib(f13_1.o)
    0x0805c189   0x0000000d   Data   RO         2917    .constdata          STemWin528_CM4_OS_Keil.lib(f13_1.o)
    0x0805c196   0x0000000d   Data   RO         2918    .constdata          STemWin528_CM4_OS_Keil.lib(f13_1.o)
    0x0805c1a3   0x00000001   PAD
    0x0805c1a4   0x00000300   Data   RO         2919    .constdata          STemWin528_CM4_OS_Keil.lib(f13_1.o)
    0x0805c4a4   0x0000000c   Data   RO         2920    .constdata          STemWin528_CM4_OS_Keil.lib(f13_1.o)
    0x0805c4b0   0x00000024   Data   RO         2921    .constdata          STemWin528_CM4_OS_Keil.lib(f13_1.o)
    0x0805c4d4   0x00000034   Data   RO         2951    .constdata          STemWin528_CM4_OS_Keil.lib(guidev_measure.o)
    0x0805c508   0x00000018   Data   RO         3005    .constdata          STemWin528_CM4_OS_Keil.lib(guidev_usagebm.o)
    0x0805c520   0x00000008   Data   RO         3017    .constdata          STemWin528_CM4_OS_Keil.lib(guidev_writetoactiveopaque.o)
    0x0805c528   0x00000010   Data   RO         3037    .constdata          STemWin528_CM4_OS_Keil.lib(button_skinflex.o)
    0x0805c538   0x0000000c   Data   RO         3049    .constdata          STemWin528_CM4_OS_Keil.lib(gui_draw_bitmap.o)
    0x0805c544   0x00000018   Data   RO         3427    .constdata          STemWin528_CM4_OS_Keil.lib(guicc_0.o)
    0x0805c55c   0x0000000d   Data   RO         3459    .constdata          STemWin528_CM4_OS_Keil.lib(f13_ascii.o)
    0x0805c569   0x0000000d   Data   RO         3460    .constdata          STemWin528_CM4_OS_Keil.lib(f13_ascii.o)
    0x0805c576   0x0000000d   Data   RO         3461    .constdata          STemWin528_CM4_OS_Keil.lib(f13_ascii.o)
    0x0805c583   0x0000000d   Data   RO         3462    .constdata          STemWin528_CM4_OS_Keil.lib(f13_ascii.o)
    0x0805c590   0x0000000d   Data   RO         3463    .constdata          STemWin528_CM4_OS_Keil.lib(f13_ascii.o)
    0x0805c59d   0x0000001a   Data   RO         3464    .constdata          STemWin528_CM4_OS_Keil.lib(f13_ascii.o)
    0x0805c5b7   0x0000000d   Data   RO         3465    .constdata          STemWin528_CM4_OS_Keil.lib(f13_ascii.o)
    0x0805c5c4   0x0000000d   Data   RO         3466    .constdata          STemWin528_CM4_OS_Keil.lib(f13_ascii.o)
    0x0805c5d1   0x0000000d   Data   RO         3467    .constdata          STemWin528_CM4_OS_Keil.lib(f13_ascii.o)
    0x0805c5de   0x0000000d   Data   RO         3468    .constdata          STemWin528_CM4_OS_Keil.lib(f13_ascii.o)
    0x0805c5eb   0x0000000d   Data   RO         3469    .constdata          STemWin528_CM4_OS_Keil.lib(f13_ascii.o)
    0x0805c5f8   0x0000000d   Data   RO         3470    .constdata          STemWin528_CM4_OS_Keil.lib(f13_ascii.o)
    0x0805c605   0x0000000d   Data   RO         3471    .constdata          STemWin528_CM4_OS_Keil.lib(f13_ascii.o)
    0x0805c612   0x0000000d   Data   RO         3472    .constdata          STemWin528_CM4_OS_Keil.lib(f13_ascii.o)
    0x0805c61f   0x0000000d   Data   RO         3473    .constdata          STemWin528_CM4_OS_Keil.lib(f13_ascii.o)
    0x0805c62c   0x0000000d   Data   RO         3474    .constdata          STemWin528_CM4_OS_Keil.lib(f13_ascii.o)
    0x0805c639   0x0000000d   Data   RO         3475    .constdata          STemWin528_CM4_OS_Keil.lib(f13_ascii.o)
    0x0805c646   0x0000000d   Data   RO         3476    .constdata          STemWin528_CM4_OS_Keil.lib(f13_ascii.o)
    0x0805c653   0x0000000d   Data   RO         3477    .constdata          STemWin528_CM4_OS_Keil.lib(f13_ascii.o)
    0x0805c660   0x0000000d   Data   RO         3478    .constdata          STemWin528_CM4_OS_Keil.lib(f13_ascii.o)
    0x0805c66d   0x0000000d   Data   RO         3479    .constdata          STemWin528_CM4_OS_Keil.lib(f13_ascii.o)
    0x0805c67a   0x0000000d   Data   RO         3480    .constdata          STemWin528_CM4_OS_Keil.lib(f13_ascii.o)
    0x0805c687   0x0000000d   Data   RO         3481    .constdata          STemWin528_CM4_OS_Keil.lib(f13_ascii.o)
    0x0805c694   0x0000000d   Data   RO         3482    .constdata          STemWin528_CM4_OS_Keil.lib(f13_ascii.o)
    0x0805c6a1   0x0000000d   Data   RO         3483    .constdata          STemWin528_CM4_OS_Keil.lib(f13_ascii.o)
    0x0805c6ae   0x0000000d   Data   RO         3484    .constdata          STemWin528_CM4_OS_Keil.lib(f13_ascii.o)
    0x0805c6bb   0x0000000d   Data   RO         3485    .constdata          STemWin528_CM4_OS_Keil.lib(f13_ascii.o)
    0x0805c6c8   0x0000000d   Data   RO         3486    .constdata          STemWin528_CM4_OS_Keil.lib(f13_ascii.o)
    0x0805c6d5   0x0000000d   Data   RO         3487    .constdata          STemWin528_CM4_OS_Keil.lib(f13_ascii.o)
    0x0805c6e2   0x0000000d   Data   RO         3488    .constdata          STemWin528_CM4_OS_Keil.lib(f13_ascii.o)
    0x0805c6ef   0x0000000d   Data   RO         3489    .constdata          STemWin528_CM4_OS_Keil.lib(f13_ascii.o)
    0x0805c6fc   0x0000000d   Data   RO         3490    .constdata          STemWin528_CM4_OS_Keil.lib(f13_ascii.o)
    0x0805c709   0x0000001a   Data   RO         3491    .constdata          STemWin528_CM4_OS_Keil.lib(f13_ascii.o)
    0x0805c723   0x0000000d   Data   RO         3492    .constdata          STemWin528_CM4_OS_Keil.lib(f13_ascii.o)
    0x0805c730   0x0000000d   Data   RO         3493    .constdata          STemWin528_CM4_OS_Keil.lib(f13_ascii.o)
    0x0805c73d   0x0000000d   Data   RO         3494    .constdata          STemWin528_CM4_OS_Keil.lib(f13_ascii.o)
    0x0805c74a   0x0000000d   Data   RO         3495    .constdata          STemWin528_CM4_OS_Keil.lib(f13_ascii.o)
    0x0805c757   0x0000000d   Data   RO         3496    .constdata          STemWin528_CM4_OS_Keil.lib(f13_ascii.o)
    0x0805c764   0x0000000d   Data   RO         3497    .constdata          STemWin528_CM4_OS_Keil.lib(f13_ascii.o)
    0x0805c771   0x0000000d   Data   RO         3498    .constdata          STemWin528_CM4_OS_Keil.lib(f13_ascii.o)
    0x0805c77e   0x0000000d   Data   RO         3499    .constdata          STemWin528_CM4_OS_Keil.lib(f13_ascii.o)
    0x0805c78b   0x0000000d   Data   RO         3500    .constdata          STemWin528_CM4_OS_Keil.lib(f13_ascii.o)
    0x0805c798   0x0000000d   Data   RO         3501    .constdata          STemWin528_CM4_OS_Keil.lib(f13_ascii.o)
    0x0805c7a5   0x0000000d   Data   RO         3502    .constdata          STemWin528_CM4_OS_Keil.lib(f13_ascii.o)
    0x0805c7b2   0x0000000d   Data   RO         3503    .constdata          STemWin528_CM4_OS_Keil.lib(f13_ascii.o)
    0x0805c7bf   0x0000000d   Data   RO         3504    .constdata          STemWin528_CM4_OS_Keil.lib(f13_ascii.o)
    0x0805c7cc   0x0000000d   Data   RO         3505    .constdata          STemWin528_CM4_OS_Keil.lib(f13_ascii.o)
    0x0805c7d9   0x0000000d   Data   RO         3506    .constdata          STemWin528_CM4_OS_Keil.lib(f13_ascii.o)
    0x0805c7e6   0x0000000d   Data   RO         3507    .constdata          STemWin528_CM4_OS_Keil.lib(f13_ascii.o)
    0x0805c7f3   0x0000000d   Data   RO         3508    .constdata          STemWin528_CM4_OS_Keil.lib(f13_ascii.o)
    0x0805c800   0x0000000d   Data   RO         3509    .constdata          STemWin528_CM4_OS_Keil.lib(f13_ascii.o)
    0x0805c80d   0x0000000d   Data   RO         3510    .constdata          STemWin528_CM4_OS_Keil.lib(f13_ascii.o)
    0x0805c81a   0x0000000d   Data   RO         3511    .constdata          STemWin528_CM4_OS_Keil.lib(f13_ascii.o)
    0x0805c827   0x0000000d   Data   RO         3512    .constdata          STemWin528_CM4_OS_Keil.lib(f13_ascii.o)
    0x0805c834   0x0000000d   Data   RO         3513    .constdata          STemWin528_CM4_OS_Keil.lib(f13_ascii.o)
    0x0805c841   0x0000001a   Data   RO         3514    .constdata          STemWin528_CM4_OS_Keil.lib(f13_ascii.o)
    0x0805c85b   0x0000000d   Data   RO         3515    .constdata          STemWin528_CM4_OS_Keil.lib(f13_ascii.o)
    0x0805c868   0x0000000d   Data   RO         3516    .constdata          STemWin528_CM4_OS_Keil.lib(f13_ascii.o)
    0x0805c875   0x0000000d   Data   RO         3517    .constdata          STemWin528_CM4_OS_Keil.lib(f13_ascii.o)
    0x0805c882   0x0000000d   Data   RO         3518    .constdata          STemWin528_CM4_OS_Keil.lib(f13_ascii.o)
    0x0805c88f   0x0000000d   Data   RO         3519    .constdata          STemWin528_CM4_OS_Keil.lib(f13_ascii.o)
    0x0805c89c   0x0000000d   Data   RO         3520    .constdata          STemWin528_CM4_OS_Keil.lib(f13_ascii.o)
    0x0805c8a9   0x0000000d   Data   RO         3521    .constdata          STemWin528_CM4_OS_Keil.lib(f13_ascii.o)
    0x0805c8b6   0x0000000d   Data   RO         3522    .constdata          STemWin528_CM4_OS_Keil.lib(f13_ascii.o)
    0x0805c8c3   0x0000000d   Data   RO         3523    .constdata          STemWin528_CM4_OS_Keil.lib(f13_ascii.o)
    0x0805c8d0   0x0000000d   Data   RO         3524    .constdata          STemWin528_CM4_OS_Keil.lib(f13_ascii.o)
    0x0805c8dd   0x0000000d   Data   RO         3525    .constdata          STemWin528_CM4_OS_Keil.lib(f13_ascii.o)
    0x0805c8ea   0x0000000d   Data   RO         3526    .constdata          STemWin528_CM4_OS_Keil.lib(f13_ascii.o)
    0x0805c8f7   0x0000000d   Data   RO         3527    .constdata          STemWin528_CM4_OS_Keil.lib(f13_ascii.o)
    0x0805c904   0x0000000d   Data   RO         3528    .constdata          STemWin528_CM4_OS_Keil.lib(f13_ascii.o)
    0x0805c911   0x0000000d   Data   RO         3529    .constdata          STemWin528_CM4_OS_Keil.lib(f13_ascii.o)
    0x0805c91e   0x0000000d   Data   RO         3530    .constdata          STemWin528_CM4_OS_Keil.lib(f13_ascii.o)
    0x0805c92b   0x0000000d   Data   RO         3531    .constdata          STemWin528_CM4_OS_Keil.lib(f13_ascii.o)
    0x0805c938   0x0000000d   Data   RO         3532    .constdata          STemWin528_CM4_OS_Keil.lib(f13_ascii.o)
    0x0805c945   0x0000000d   Data   RO         3533    .constdata          STemWin528_CM4_OS_Keil.lib(f13_ascii.o)
    0x0805c952   0x0000000d   Data   RO         3534    .constdata          STemWin528_CM4_OS_Keil.lib(f13_ascii.o)
    0x0805c95f   0x0000000d   Data   RO         3535    .constdata          STemWin528_CM4_OS_Keil.lib(f13_ascii.o)
    0x0805c96c   0x0000000d   Data   RO         3536    .constdata          STemWin528_CM4_OS_Keil.lib(f13_ascii.o)
    0x0805c979   0x0000000d   Data   RO         3537    .constdata          STemWin528_CM4_OS_Keil.lib(f13_ascii.o)
    0x0805c986   0x0000000d   Data   RO         3538    .constdata          STemWin528_CM4_OS_Keil.lib(f13_ascii.o)
    0x0805c993   0x0000000d   Data   RO         3539    .constdata          STemWin528_CM4_OS_Keil.lib(f13_ascii.o)
    0x0805c9a0   0x0000000d   Data   RO         3540    .constdata          STemWin528_CM4_OS_Keil.lib(f13_ascii.o)
    0x0805c9ad   0x0000000d   Data   RO         3541    .constdata          STemWin528_CM4_OS_Keil.lib(f13_ascii.o)
    0x0805c9ba   0x0000000d   Data   RO         3542    .constdata          STemWin528_CM4_OS_Keil.lib(f13_ascii.o)
    0x0805c9c7   0x0000000d   Data   RO         3543    .constdata          STemWin528_CM4_OS_Keil.lib(f13_ascii.o)
    0x0805c9d4   0x0000000d   Data   RO         3544    .constdata          STemWin528_CM4_OS_Keil.lib(f13_ascii.o)
    0x0805c9e1   0x0000000d   Data   RO         3545    .constdata          STemWin528_CM4_OS_Keil.lib(f13_ascii.o)
    0x0805c9ee   0x0000000d   Data   RO         3546    .constdata          STemWin528_CM4_OS_Keil.lib(f13_ascii.o)
    0x0805c9fb   0x0000000d   Data   RO         3547    .constdata          STemWin528_CM4_OS_Keil.lib(f13_ascii.o)
    0x0805ca08   0x0000000d   Data   RO         3548    .constdata          STemWin528_CM4_OS_Keil.lib(f13_ascii.o)
    0x0805ca15   0x0000000d   Data   RO         3549    .constdata          STemWin528_CM4_OS_Keil.lib(f13_ascii.o)
    0x0805ca22   0x0000000d   Data   RO         3550    .constdata          STemWin528_CM4_OS_Keil.lib(f13_ascii.o)
    0x0805ca2f   0x0000000d   Data   RO         3551    .constdata          STemWin528_CM4_OS_Keil.lib(f13_ascii.o)
    0x0805ca3c   0x0000000d   Data   RO         3552    .constdata          STemWin528_CM4_OS_Keil.lib(f13_ascii.o)
    0x0805ca49   0x0000000d   Data   RO         3553    .constdata          STemWin528_CM4_OS_Keil.lib(f13_ascii.o)
    0x0805ca56   0x00000002   PAD
    0x0805ca58   0x000002f8   Data   RO         3554    .constdata          STemWin528_CM4_OS_Keil.lib(f13_ascii.o)
    0x0805cd50   0x0000000c   Data   RO         3555    .constdata          STemWin528_CM4_OS_Keil.lib(f13_ascii.o)
    0x0805cd5c   0x00000074   Data   RO         3574    .constdata          STemWin528_CM4_OS_Keil.lib(guidev_32.o)
    0x0805cdd0   0x0000001c   Data   RO         3629    .constdata          STemWin528_CM4_OS_Keil.lib(widget_effect_simple.o)
    0x0805cdec   0x00000004   PAD
    0x0805cdf0   0x00000050   Data   RO         3931    .constdata          m_wm.l(asin.o)
    0x0805ce40   0x00000098   Data   RO         4015    .constdata          m_wm.l(atan.o)
    0x0805ced8   0x00000030   Data   RO         4027    .constdata          m_wm.l(cos_i.o)
    0x0805cf08   0x00000008   Data   RO         4041    .constdata          m_wm.l(qnan.o)
    0x0805cf10   0x000000c8   Data   RO         4044    .constdata          m_wm.l(rred.o)
    0x0805cfd8   0x00000028   Data   RO         4048    .constdata          m_wm.l(sin_i.o)
    0x0805d000   0x0000000f   Data   RO         1260    .conststring        dispwifi.o
    0x0805d00f   0x00000001   PAD
    0x0805d010   0x00000012   Data   RO         1331    .conststring        dispdata.o
    0x0805d022   0x00000002   PAD
    0x0805d024   0x00000020   Data   RO         4217    Region$$Table       anon$$obj.o


    Execution Region RW_IRAM1 (Base: 0x20000000, Size: 0x00017930, Max: 0x00020000, ABSOLUTE, COMPRESSED[0x00000148])

    Base Addr    Size         Type   Attr      Idx    E Section Name        Object

    0x20000000   0x00000002   Data   RW          346    .data               battery.o
    0x20000002   0x00000004   Data   RW          410    .data               heart.o
    0x20000006   0x00000002   PAD
    0x20000008   0x0000001b   Data   RW          553    .data               mpu6050.o
    0x20000023   0x00000007   Data   RW          584    .data               rtc.o
    0x2000002a   0x00000009   Data   RW          742    .data               usart_2.o
    0x20000033   0x00000003   Data   RW          794    .data               display.o
    0x20000036   0x0000004c   Data   RW          817    .data               get_data.o
    0x20000082   0x00000004   Data   RW          841    .data               delay.o
    0x20000086   0x00000002   PAD
    0x20000088   0x00000048   Data   RW         1077    .data               os_core.o
    0x200000d0   0x00000011   Data   RW         1237    .data               gui_x_os.o
    0x200000e1   0x00000001   PAD
    0x200000e2   0x00000020   Data   RW         1300    .data               watch.o
    0x20000102   0x00000002   PAD
    0x20000104   0x00000069   Data   RW         1493    .data               inv_mpu.o
    0x2000016d   0x00000003   PAD
    0x20000170   0x0000003c   Data   RW         1538    .data               STemWin528_CM4_OS_Keil.lib(guiaa_lib.o)
    0x200001ac   0x00000008   Data   RW         1608    .data               STemWin528_CM4_OS_Keil.lib(gui_alloc.o)
    0x200001b4   0x0000002c   Data   RW         1686    .data               STemWin528_CM4_OS_Keil.lib(gui_core.o)
    0x200001e0   0x00000004   Data   RW         1687    .data               STemWin528_CM4_OS_Keil.lib(gui_core.o)
    0x200001e4   0x00000004   Data   RW         1689    .data               STemWin528_CM4_OS_Keil.lib(gui_core.o)
    0x200001e8   0x00000004   Data   RW         1690    .data               STemWin528_CM4_OS_Keil.lib(gui_core.o)
    0x200001ec   0x00000004   Data   RW         1691    .data               STemWin528_CM4_OS_Keil.lib(gui_core.o)
    0x200001f0   0x00000004   Data   RW         1692    .data               STemWin528_CM4_OS_Keil.lib(gui_core.o)
    0x200001f4   0x00000004   Data   RW         1693    .data               STemWin528_CM4_OS_Keil.lib(gui_core.o)
    0x200001f8   0x00000002   Data   RW         1694    .data               STemWin528_CM4_OS_Keil.lib(gui_core.o)
    0x200001fa   0x00000002   PAD
    0x200001fc   0x00000004   Data   RW         1695    .data               STemWin528_CM4_OS_Keil.lib(gui_core.o)
    0x20000200   0x00000002   Data   RW         1696    .data               STemWin528_CM4_OS_Keil.lib(gui_core.o)
    0x20000202   0x00000002   Data   RW         1697    .data               STemWin528_CM4_OS_Keil.lib(gui_core.o)
    0x20000204   0x00000030   Data   RW         1801    .data               STemWin528_CM4_OS_Keil.lib(gui_touch_driveranalog.o)
    0x20000234   0x00000008   Data   RW         1845    .data               STemWin528_CM4_OS_Keil.lib(guicc_m565.o)
    0x2000023c   0x0000003c   Data   RW         2260    .data               STemWin528_CM4_OS_Keil.lib(button.o)
    0x20000278   0x00000004   Data   RW         2310    .data               STemWin528_CM4_OS_Keil.lib(window.o)
    0x2000027c   0x00000064   Data   RW         2375    .data               STemWin528_CM4_OS_Keil.lib(wm.o)
    0x200002e0   0x00000001   Data   RW         2376    .data               STemWin528_CM4_OS_Keil.lib(wm.o)
    0x200002e1   0x00000003   PAD
    0x200002e4   0x00000014   Data   RW         2470    .data               STemWin528_CM4_OS_Keil.lib(gui__managecache.o)
    0x200002f8   0x00000004   Data   RW         2521    .data               STemWin528_CM4_OS_Keil.lib(gui_fillpolygon.o)
    0x200002fc   0x00000010   Data   RW         2558    .data               STemWin528_CM4_OS_Keil.lib(gui_onkey.o)
    0x2000030c   0x00000008   Data   RW         2592    .data               STemWin528_CM4_OS_Keil.lib(gui_selectlayer.o)
    0x20000314   0x00000020   Data   RW         2638    .data               STemWin528_CM4_OS_Keil.lib(gui_setalpha.o)
    0x20000334   0x0000001c   Data   RW         2689    .data               STemWin528_CM4_OS_Keil.lib(gui_task.o)
    0x20000350   0x00000008   Data   RW         2701    .data               STemWin528_CM4_OS_Keil.lib(gui_touch_storeunstable.o)
    0x20000358   0x0000000c   Data   RW         2721    .data               STemWin528_CM4_OS_Keil.lib(gui_waitevent.o)
    0x20000364   0x00000004   Data   RW         2767    .data               STemWin528_CM4_OS_Keil.lib(lcd.o)
    0x20000368   0x00000004   Data   RW         2794    .data               STemWin528_CM4_OS_Keil.lib(lcd_aa.o)
    0x2000036c   0x00000010   Data   RW         2810    .data               STemWin528_CM4_OS_Keil.lib(lcd_color.o)
    0x2000037c   0x00000004   Data   RW         2925    .data               STemWin528_CM4_OS_Keil.lib(guidev_banding.o)
    0x20000380   0x00000001   Data   RW         2983    .data               STemWin528_CM4_OS_Keil.lib(guidev_staticdevices.o)
    0x20000381   0x00000003   PAD
    0x20000384   0x0000000c   Data   RW         3029    .data               STemWin528_CM4_OS_Keil.lib(button_skin.o)
    0x20000390   0x00000020   Data   RW         3038    .data               STemWin528_CM4_OS_Keil.lib(button_skinflex.o)
    0x200003b0   0x00000020   Data   RW         3039    .data               STemWin528_CM4_OS_Keil.lib(button_skinflex.o)
    0x200003d0   0x00000020   Data   RW         3040    .data               STemWin528_CM4_OS_Keil.lib(button_skinflex.o)
    0x200003f0   0x00000020   Data   RW         3041    .data               STemWin528_CM4_OS_Keil.lib(button_skinflex.o)
    0x20000410   0x00000004   Data   RW         3079    .data               STemWin528_CM4_OS_Keil.lib(widget.o)
    0x20000414   0x00000004   Data   RW         3114    .data               STemWin528_CM4_OS_Keil.lib(wm__sendmessage.o)
    0x20000418   0x0000000c   Data   RW         3180    .data               STemWin528_CM4_OS_Keil.lib(wm_touch.o)
    0x20000424   0x00000028   Data   RW         3208    .data               STemWin528_CM4_OS_Keil.lib(gui__alpha.o)
    0x2000044c   0x00000004   Data   RW         3271    .data               STemWin528_CM4_OS_Keil.lib(gui_charline.o)
    0x20000450   0x0000000c   Data   RW         3348    .data               STemWin528_CM4_OS_Keil.lib(gui_pid.o)
    0x2000045c   0x00000014   Data   RW         3384    .data               STemWin528_CM4_OS_Keil.lib(gui_timer.o)
    0x20000470   0x00000010   Data   RW         3450    .data               STemWin528_CM4_OS_Keil.lib(lcd_nextpixelapi.o)
    0x20000480   0x00000004   Data   RW         3630    .data               STemWin528_CM4_OS_Keil.lib(widget_effect_simple.o)
    0x20000484   0x000015a2   Zero   RW           13    .bss                main.o
    0x20001a26   0x0000000c   Zero   RW          409    .bss                heart.o
    0x20001a32   0x000000a6   Zero   RW          647    .bss                ft6236.o
    0x20001ad8   0x00000046   Zero   RW          741    .bss                usart_2.o
    0x20001b1e   0x0000002f   Zero   RW          769    .bss                usr_wifi.o
    0x20001b4d   0x00000003   PAD
    0x20001b50   0x00000a80   Zero   RW         1075    .bss                os_core.o
    0x200025d0   0x00014000   Zero   RW         1154    .bss                guiconf.o
    0x200165d0   0x00000010   Zero   RW         1458    .bss                inv_mpu_dmp_motion_driver.o
    0x200165e0   0x00000010   Zero   RW         1491    .bss                inv_mpu.o
    0x200165f0   0x000000cc   Zero   RW         1607    .bss                STemWin528_CM4_OS_Keil.lib(gui_alloc.o)
    0x200166bc   0x00000070   Zero   RW         1684    .bss                STemWin528_CM4_OS_Keil.lib(gui_core.o)
    0x2001672c   0x00000010   Zero   RW         1800    .bss                STemWin528_CM4_OS_Keil.lib(gui_touch_driveranalog.o)
    0x2001673c   0x00000018   Zero   RW         2373    .bss                STemWin528_CM4_OS_Keil.lib(wm.o)
    0x20016754   0x00000018   Zero   RW         2520    .bss                STemWin528_CM4_OS_Keil.lib(gui_fillpolygon.o)
    0x2001676c   0x00000058   Zero   RW         2557    .bss                STemWin528_CM4_OS_Keil.lib(gui_onkey.o)
    0x200167c4   0x00000048   Zero   RW         3179    .bss                STemWin528_CM4_OS_Keil.lib(wm_touch.o)
    0x2001680c   0x00000028   Zero   RW         3294    .bss                STemWin528_CM4_OS_Keil.lib(gui_curs1.o)
    0x20016834   0x00000048   Zero   RW         3347    .bss                STemWin528_CM4_OS_Keil.lib(gui_pid.o)
    0x2001687c   0x0000000c   Zero   RW         3405    .bss                STemWin528_CM4_OS_Keil.lib(gui_touch_storestate.o)
    0x20016888   0x00000030   Zero   RW         3449    .bss                STemWin528_CM4_OS_Keil.lib(lcd_nextpixelapi.o)
    0x200168b8   0x00000018   Zero   RW         3692    .bss                STemWin528_CM4_OS_Keil.lib(wm_pid__getprevstate.o)
    0x200168d0   0x0000000c   Zero   RW         3818    .bss                STemWin528_CM4_OS_Keil.lib(gui_touch.o)
    0x200168dc   0x00000060   Zero   RW         4078    .bss                c_w.l(libspace.o)
    0x2001693c   0x00000004   PAD
    0x20016940   0x00000000   Zero   RW            2    HEAP                startup_stm32f40_41xxx.o
    0x20016940   0x00000ff0   Zero   RW            1    STACK               startup_stm32f40_41xxx.o


==============================================================================

Image component sizes


      Code (inc. data)   RO Data    RW Data    ZI Data      Debug   Object Name

       536         28          0          0          0       1476   backlit.o
       384         16          0          2          0       1788   battery.o
         0          0       2176          0          0        826   connection.o
       300         16          0          4          0       1881   delay.o
       628         82        130          0          0       1971   dispdata.o
      2256        160          0          3          0       4056   display.o
       424         40         71          0          0       2040   dispwifi.o
       348         12          0          0          0       1430   dma.o
      1460         54         10          0        166       3981   ft6236.o
       548         22          0          0          0       1790   ft6236_iic.o
      2040        106         20         76          0       4871   get_data.o
       312          6          0          0          0       1295   gpio.o
       256         20          0         17          0       3091   gui_x_os.o
        36          4          0          0          0       1056   gui_x_touch_analog.o
        36         10          0          0      81920        535   guiconf.o
      2164         64         52          0          0      57942   guidrv_template.o
       368         32          0          4         12       1933   heart.o
       752        176      15540          0          0       1881   help.o
        40          0          0          0          0        504   interrupt.o
      8884        188         80        105         16      23423   inv_mpu.o
      3464        140       3062          0         16      15103   inv_mpu_dmp_motion_driver.o
        60          6          0          0          0        467   key.o
       104         10          0          0          0       1003   lcdconf_flexcolor_template.o
      3396        186          0          0       5538     304549   main.o
       368         54      15512          0          0       1729   medicine.o
       892         16          0          0          0       3874   mlx90615.o
        36          4          0          0          0        477   motor.o
      1572         82          0         27          0      20750   mpu6050.o
       604         12          0          0          0       1884   mpu_iic.o
         0          0      10396          0          0      10930   myfont.o
      2192        218        256         72       2688      15159   os_core.o
       200         32          0          0          0        332   os_cpu_a.o
       452          6          0          0          0      10678   os_cpu_c.o
      2060         42          0          0          0       6924   os_flag.o
       972         16          0          0          0       4150   os_mbox.o
      1512         30          0          0          0       5553   os_q.o
       908         18          0          0          0       3898   os_sem.o
      1988         70          0          0          0       7589   os_task.o
       432         30          0          0          0       1814   os_time.o
      1156         32         12          7          0       4847   rtc.o
      1480         44          0          0          0       3339   st7789.o
         0          0      44256          0          0        657   startmcu.o
        68         24        392          0       4080        864   startup_stm32f40_41xxx.o
       728         64          0          0          0       3579   stmflash.o
      1124         46          0          0          0       3809   sys.o
       440         36          0          0          0        958   timer_4.o
       564         42          0          9         70       2204   usart_2.o
      2996        204        429          0         47       8379   usr_wifi.o
       924        140     115220         32          0       2085   watch.o
        44          6          0          0          0        722   wdg.o
         0          0      43632          0          0       1131   wifibottun.o

    ----------------------------------------------------------------------
     52508       2646     251286        368      94556     567207   Object Totals
         0          0         32          0          0          0   (incl. Generated)
         0          0          8         10          3          0   (incl. Padding)

    ----------------------------------------------------------------------

      Code (inc. data)   RO Data    RW Data    ZI Data      Debug   Library Member Name

       658         12          0         60          0       1080   button.o
        62          0          0          0          0        132   button__setbitmapobj.o
        32          0          0          0          0        136   button_bitmap.o
        68          0          0          0          0        136   button_createindirect.o
       174          0          0         12          0        272   button_skin.o
       568          6         16        128          0        140   button_skinflex.o
       172          0          0          0          0        136   dialog.o
         0          0       2155          0          0          0   f13_1.o
         0          0       2046          0          0          0   f13_ascii.o
         0          0       4792          0          0          0   f24_ascii.o
         0          0       7240          0          0          0   f32_ascii.o
         0          0       1816          0          0          0   f6x8.o
       128          4          0          0          0        132   gui_2dlib.o
       862         38          0         40          0        800   gui__alpha.o
       664          0          0          0          0        384   gui__compactpixelindices.o
         0          0        256          0          0          0   gui__divtbl_255_31.o
         0          0        256          0          0          0   gui__divtbl_255_63.o
         0          0         32          0          0          0   gui__divtbl_31_255.o
         0          0         64          0          0          0   gui__divtbl_63_255.o
       608         10          0          0          0        148   gui__drawbitmap16bpp.o
       562          4          0          0          0        424   gui__drawtwinarc.o
       322          0          0          0          0        156   gui__expandpixelindices.o
        24          0          0          0          0        116   gui__handleeoline.o
        58          0          0          0          0        116   gui__intersectrect.o
        82          0          0          0          0        128   gui__intersectrects.o
       216          8          0         20          0        252   gui__managecache.o
        76          0          0          0          0        124   gui__memset.o
        60          0          0          0          0        124   gui__memset16.o
        26          0          0          0          0        116   gui__reducerect.o
       108          0          0          0          0        136   gui__settext.o
       128         16        364          0          0        244   gui__sinhq.o
        26          0          0          0          0        116   gui__sqrt32.o
        68          4          0          0          0        244   gui__strcmp.o
        22          0          0          0          0        116   gui__strlen.o
       152         10         40          0          0        132   gui_adddecshift.o
      1924        112          0          8        204       3248   gui_alloc.o
        46          0          0          0          0        128   gui_alloc_alloczero.o
        60          0          0          0          0        124   gui_calccolordist.o
       164         20          0          0          0        500   gui_char.o
       458         36          0          4          0        760   gui_charline.o
       394         12          0          0          0        492   gui_charm.o
       316         10          0          0          0        624   gui_charp.o
       252         10          0          0          0        276   gui_circ.o
       476         78          8         78        112       1004   gui_core.o
       120          6          0          0         40        136   gui_curs1.o
       434         34          8          0          0       1108   gui_device.o
       264          4          0          0          0        136   gui_dispstring.o
        40          6          0          0          0        136   gui_dispstringat.o
       408          4          0          0          0        396   gui_dispstringinrect.o
        44          0          0          0          0        136   gui_draw.o
       150          4         12          0          0        524   gui_draw_bitmap.o
       244         14          0          0          0        280   gui_drawbitmap.o
        44          8         16          0          0        136   gui_drawbitmap_565.o
       502          8          0          0          0        300   gui_drawgradient.o
        88          6          0          0          0        132   gui_drawhline.o
      1192         34         68          0          0       1312   gui_drawline.o
        32          4          0          0          0        116   gui_drawpoint.o
        80          6          0          0          0        128   gui_drawvline.o
        68          8          0          0          0        248   gui_exec.o
       532         22          0          4         24        272   gui_fillpolygon.o
        88          4          0          0          0        132   gui_fillrect.o
       160          0          0          0          0        248   gui_getbitmappixelindex.o
        10          0          0          0          0        116   gui_getclientrect.o
        48          0          0          0          0        248   gui_getcolor.o
        54         10          0          0          0        252   gui_getorg.o
        66         12          0          0          0        360   gui_goto.o
        88          0          0          0          0        124   gui_mergerect.o
        30          0          0          0          0        116   gui_moverect.o
       102         12          0         16         88        476   gui_onkey.o
        80         12          0          0          0        380   gui_pen.o
       264         38          0         12         72        744   gui_pid.o
       116         10          0          0          0        132   gui_polyrotate.o
        56          0          0          0          0        116   gui_rectsintersect.o
        32         10          0          0          0        232   gui_savecontext.o
       138         14          0          8          0        508   gui_selectlayer.o
        26          0          0          0          0        128   gui_selectlcd.o
        36          4          0         32          0        124   gui_setalpha.o
        44          0          0          0          0        256   gui_setcolor.o
        64          6          0          0          0        128   gui_setdefault.o
        24          0          0          0          0        124   gui_setdrawmode.o
        32          6          0          0          0        128   gui_setfont.o
        28          4          0          0          0        128   gui_setlinestyle.o
        64         16          0          0          0        136   gui_setorg.o
        32          6          0          0          0        128   gui_settextalign.o
        32          6          0          0          0        128   gui_settextmode.o
      1830         20          0          0          0       1264   gui_sprite.o
       364         42          0         28          0        768   gui_task.o
       354         16          0         20          0        772   gui_timer.o
        44          6          0          0         12        132   gui_touch.o
       620         40          0         48         16        644   gui_touch_driveranalog.o
        36          6          0          0         12        116   gui_touch_storestate.o
        44          4          0          8          0        136   gui_touch_storeunstable.o
        84         10          0          0          0        264   gui_uc.o
        18          0         16          0          0        464   gui_uc_encodenone.o
       212          8         16          0          0        604   gui_uc_encodeutf8.o
        34          0          0          0          0        128   gui_val.o
        16          4          0         12          0        116   gui_waitevent.o
       214          6          0          0          0        276   guiaa_circle.o
       800         88          0         60          0       1260   guiaa_lib.o
       272          6          0          0          0        292   guiaa_line.o
       372         12          0          0          0        284   guiaa_poly.o
       198          0         24          0          0        388   guicc_0.o
       222         38         24          0          0        628   guicc_565.o
        36          0         24          0          0        480   guicc_8888.o
         2          0          0          0          0        116   guicc_8888_index2color.o
         2          0          0          0          0        116   guicc_888_index2color.o
       258         46         24          8          0        652   guicc_m565.o
       814         38          0          0          0       1192   guidev.o
      2282         60        116          0          0       2104   guidev_16.o
      2356         62        116          0          0       2256   guidev_32.o
       192          0          0          0          0        380   guidev_auto.o
       308         14          0          4          0        264   guidev_banding.o
        68          4          0          0          0        124   guidev_clear.o
        40          0          0          0          0        128   guidev_getdataptr.o
        52          6          0          0          0        128   guidev_getysize.o
       882         52         52          0          0       2728   guidev_measure.o
        56          4          0          0          0        128   guidev_reduceysize.o
       100          4          0          0          0        128   guidev_setorg.o
       358         20          0          1          0        284   guidev_staticdevices.o
        84          0          0          0          0        260   guidev_usage.o
       424          4         24          0          0        748   guidev_usagebm.o
       116          4          0          0          0        244   guidev_write.o
       400         14          0          0          0        144   guidev_writetoactivealpha.o
      1852         18          8          0          0        732   guidev_writetoactiveopaque.o
      1730        118         12          4          0       2300   lcd.o
       212         26          0          4          0        392   lcd_aa.o
       272         30          0         16          0        632   lcd_color.o
        32         12          0          0          0        232   lcd_getcolorindex.o
       384         32          0          0          0       2252   lcd_getex.o
        26          0          0          0          0        128   lcd_getnumdisplays.o
        96         10          0          0          0        132   lcd_getp.o
        14          0          0          0          0        128   lcd_getpixelcolor.o
         0          0        256          0          0          0   lcd_mirror.o
       596         52          0         16         48        796   lcd_nextpixelapi.o
       504         18          0          0          0        280   lcd_readrect.o
        64         10          0          0          0        128   lcd_selectlcd.o
       220          0          0          0          0        660   lcd_set.o
        48         10          0          0          0        128   lcd_setcliprectex.o
        36          4          0          0          0        128   lcd_updatecolorindices.o
       482          4          0          4          0        768   widget.o
       144         12         28          4          0        512   widget_effect_simple.o
       438          8          0          4          0        412   window.o
      4696        226          0        101         24       6708   wm.o
        44          0          0          0          0        128   wm__foreachdesc.o
        18          0          0          0          0        124   wm__getfirstsibling.o
        40          8          0          0          0        128   wm__getfocussedchild.o
        24          0          0          0          0        124   wm__getlastsibling.o
        56         12          0          0          0        232   wm__getorg_aa.o
        36          0          0          0          0        128   wm__getprevsibling.o
        46          0          0          0          0        244   wm__isancestor.o
        34          0          0          0          0        128   wm__ischild.o
        22          0          0          0          0        124   wm__isenabled.o
        60          6          0          4          0        136   wm__sendmessage.o
        28          0          0          0          0        140   wm__sendmessageifenabled.o
        38          0          0          0          0        128   wm__sendmessagenopara.o
       220          0          0          0          0        144   wm__updatechildpositions.o
       136          0          0          0          0        140   wm_bringtobottom.o
       138          6          0          0          0        372   wm_bringtotop.o
        60         12          0          0          0        232   wm_criticalhandle.o
        30          0          0          0          0        136   wm_foreachdesc.o
       102         10          0          0          0        392   wm_getclientrect.o
        22          0          0          0          0        128   wm_getclientwindow.o
        24         10          0          0          0        116   wm_getdesktopwindow.o
        20          4          0          0          0        116   wm_getdesktopwindowex.o
        98          0          0          0          0        260   wm_getdialogitem.o
        26          0          0          0          0        124   wm_getfirstchild.o
        32          8          0          0          0        124   wm_getfocussedwindow.o
        26          0          0          0          0        128   wm_getid.o
        32          0          0          0          0        128   wm_getorg.o
        26          0          0          0          0        124   wm_getparent.o
       102          0          0          0          0        372   wm_getwindowsize.o
        32         10          0          0          0        116   wm_hasfocus.o
        30          0          0          0          0        128   wm_isfocussable.o
        24          0          0          0          0        124   wm_iswindow.o
        34          0          0          0          0        132   wm_memdev.o
       294          0          0          0          0        416   wm_move.o
        16          0          0          0          0        124   wm_notifyparent.o
        64          8          0          0          0        136   wm_onkey.o
        24          6          0          0         24        116   wm_pid__getprevstate.o
       244          0          0          0          0        136   wm_resizewindow.o
       204          6          0          0          0        516   wm_screen2win.o
        26          0          0          0          0        136   wm_sendmessagenopara.o
        38          0          0          0          0        140   wm_sendtoparent.o
        62          8          0          0          0        256   wm_setcapture.o
       168         10          0          0          0        136   wm_setfocus.o
       160          6          0          0          0        384   wm_setfocusonnextchild.o
        96          0          0          0          0        252   wm_setfocusonprevchild.o
        72          0          0          0          0        132   wm_setsize.o
        72          4          0          0          0        128   wm_settrans.o
        32          4          0          0          0        128   wm_setusercliprect.o
       100          0          0          0          0        256   wm_show.o
       124          0          0          0          0        260   wm_timer.o
      1108         46          0         12         72        536   wm_touch.o
        56          6          0          0          0        128   wm_validatewindow.o
        90          0          0          0          0          0   __dczerorl2.o
         8          0          0          0          0         68   __main.o
        52          8          0          0          0          0   __scatter.o
        28          0          0          0          0          0   __scatter_zi.o
        22          0          0          0          0        100   _rserrno.o
        16          0          0          0          0         68   aeabi_memset.o
        12          0          0          0          0         72   exit.o
         6          0          0          0          0        152   heapauxi.o
         0          0          0          0          0          0   indicate_semi.o
         2          0          0          0          0          0   libinit.o
         6          0          0          0          0          0   libinit2.o
         2          0          0          0          0          0   libshutdown.o
         2          0          0          0          0          0   libshutdown2.o
         8          4          0          0         96         68   libspace.o
        72          0          0          0          0         76   llsdiv.o
       238          0          0          0          0        100   lludivv7m.o
        88          0          0          0          0         76   memcmp.o
         8          4          0          0          0         68   rt_errno_addr_intlibspace.o
        68          0          0          0          0         68   rt_memclr.o
        78          0          0          0          0         80   rt_memclr_w.o
       138          0          0          0          0         68   rt_memcpy_v6.o
       100          0          0          0          0         80   rt_memcpy_w.o
       132          0          0          0          0         68   rt_memmove_v6.o
       122          0          0          0          0         80   rt_memmove_w.o
         0          0          0          0          0          0   rtentry.o
        12          0          0          0          0          0   rtentry2.o
         6          0          0          0          0          0   rtentry4.o
         2          0          0          0          0          0   rtexit.o
        10          0          0          0          0          0   rtexit2.o
        72          0          0          0          0         80   strcpy.o
        12          4          0          0          0         68   sys_exit.o
        74          0          0          0          0         80   sys_stackheap_outer.o
         2          0          0          0          0         68   use_no_semi.o
        24          0          0          0          0        164   basic.o
        98          4          0          0          0        140   d2f.o
       826         16          0          0          0        492   daddsub_clz.o
        24          0          0          0          0        116   dcmpi.o
       688        140          0          0          0        256   ddiv.o
        94          4          0          0          0        140   dfix.o
        90          4          0          0          0        140   dfixu.o
        84          0          0          0          0        232   dflt_clz.o
       120          4          0          0          0        140   dleqf.o
       340         12          0          0          0        152   dmul.o
       156          4          0          0          0        140   dnaninf.o
        12          0          0          0          0        116   dretinf.o
       408         56          0          0          0        168   dsqrt_umaal.o
        86          4          0          0          0        132   f2d.o
       140          4          0          0          0        132   fnaninf.o
        10          0          0          0          0        116   fpinit.o
        10          0          0          0          0        116   fretinf.o
         0          0          0          0          0          0   usenofp.o
       880        110         80          0          0        200   asin.o
       752        104        152          0          0        344   atan.o
       496         70          0          0          0        156   atan2.o
       216         16          0          0          0        152   cos.o
       368         46         48          0          0        200   cos_i.o
        32          8          0          0          0        124   dunder.o
        24          0          0          0          0        124   fabs.o
        48          0          0          0          0        124   fpclassify.o
       248          0          0          0          0        152   poly.o
         0          0          8          0          0          0   qnan.o
      1080        142        200          0          0        188   rred.o
       216         16          0          0          0        152   sin.o
       304         24         40          0          0        208   sin_i.o
       232          0          0          0          0        296   sqrt.o

    ----------------------------------------------------------------------
     56738       2954      20464        788        848      79388   Library Totals
       142          0          7          8          4          0   (incl. Padding)

    ----------------------------------------------------------------------

      Code (inc. data)   RO Data    RW Data    ZI Data      Debug   Library Name

     47002       2146      19929        780        748      72488   STemWin528_CM4_OS_Keil.lib
      1488         20          0          0         96       1588   c_w.l
      3210        252          0          0          0       2892   fz_wm.l
      4896        536        528          0          0       2420   m_wm.l

    ----------------------------------------------------------------------
     56738       2954      20464        788        848      79388   Library Totals

    ----------------------------------------------------------------------

==============================================================================


      Code (inc. data)   RO Data    RW Data    ZI Data      Debug   

    109246       5600     271750       1156      95404     578063   Grand Totals
    109246       5600     271750        328      95404     578063   ELF Image Totals (compressed)
    109246       5600     271750        328          0          0   ROM Totals

==============================================================================

    Total RO  Size (Code + RO Data)               380996 ( 372.07kB)
    Total RW  Size (RW Data + ZI Data)             96560 (  94.30kB)
    Total ROM Size (Code + RO Data + RW Data)     381324 ( 372.39kB)

==============================================================================

